Archive member included because of file (symbol)

.\CortexM3\ARM_GCC_441\Debug\RS232.a(CyLib.o)
                              .\CortexM3\ARM_GCC_441\Debug\Cm3Start.o (CyResetStatus)
.\CortexM3\ARM_GCC_441\Debug\RS232.a(cyPm.o)
                              .\CortexM3\ARM_GCC_441\Debug\RS232.a(CyLib.o) (CyPmReadStatus)
.\CortexM3\ARM_GCC_441\Debug\RS232.a(LCD.o)
                              .\CortexM3\ARM_GCC_441\Debug\main.o (LCD_WriteControl)
.\CortexM3\ARM_GCC_441\Debug\RS232.a(UART.o)
                              .\CortexM3\ARM_GCC_441\Debug\main.o (UART_Start)
.\CortexM3\ARM_GCC_441\Debug\RS232.a(rx_int.o)
                              .\CortexM3\ARM_GCC_441\Debug\main.o (rx_int_Start)
.\CortexM3\ARM_GCC_441\Debug\RS232.a(ADC.o)
                              .\CortexM3\ARM_GCC_441\Debug\main.o (ADC_Start)
.\CortexM3\ARM_GCC_441\Debug\RS232.a(ADC_INT.o)
                              .\CortexM3\ARM_GCC_441\Debug\RS232.a(ADC.o) (ADC_ISR1)
.\CortexM3\ARM_GCC_441\Debug\RS232.a(ADC_theACLK.o)
                              .\CortexM3\ARM_GCC_441\Debug\RS232.a(ADC.o) (ADC_theACLK_SetDividerRegister)
.\CortexM3\ARM_GCC_441\Debug\RS232.a(ADC_Ext_CP_Clk.o)
                              .\CortexM3\ARM_GCC_441\Debug\RS232.a(ADC.o) (ADC_Ext_CP_Clk_SetDividerRegister)
.\CortexM3\ARM_GCC_441\Debug\RS232.a(ADC_AMux.o)
                              .\CortexM3\ARM_GCC_441\Debug\RS232.a(ADC.o) (ADC_AMux_Select)
.\CortexM3\ARM_GCC_441\Debug\RS232.a(AMux.o)
                              .\CortexM3\ARM_GCC_441\Debug\main.o (AMux_Start)
.\CortexM3\ARM_GCC_441\Debug\RS232.a(ISR.o)
                              .\CortexM3\ARM_GCC_441\Debug\main.o (ISR_StartEx)
.\CortexM3\ARM_GCC_441\Debug\RS232.a(cyfitter_cfg.o)
                              .\CortexM3\ARM_GCC_441\Debug\RS232.a(AMux.o) (AMux_Set)
.\CortexM3\ARM_GCC_441\Debug\RS232.a(CyBootAsmGnu.o)
                              .\CortexM3\ARM_GCC_441\Debug\RS232.a(CyLib.o) (CyDelayCycles)
.\CortexM3\ARM_GCC_441\Debug\RS232.a(CyFlash.o)
                              .\CortexM3\ARM_GCC_441\Debug\RS232.a(cyPm.o) (CyFlash_SetWaitCycles)
.\CortexM3\ARM_GCC_441\Debug\RS232.a(CySpc.o)
                              .\CortexM3\ARM_GCC_441\Debug\RS232.a(CyFlash.o) (CySpcStart)
.\CortexM3\ARM_GCC_441\Debug\RS232.a(cyutils.o)
                              .\CortexM3\ARM_GCC_441\Debug\RS232.a(cyfitter_cfg.o) (CySetReg24)
c:/program files/cypress/psoc creator/2.1/psoc creator/import/gnu_cs/arm/4.4.1/bin/../lib/gcc/arm-none-eabi/4.4.1/thumb2\libgcc.a(_arm_addsubdf3.o)
                              .\CortexM3\ARM_GCC_441\Debug\RS232.a(ADC.o) (__aeabi_f2d)
c:/program files/cypress/psoc creator/2.1/psoc creator/import/gnu_cs/arm/4.4.1/bin/../lib/gcc/arm-none-eabi/4.4.1/thumb2\libgcc.a(_arm_cmpdf2.o)
                              .\CortexM3\ARM_GCC_441\Debug\RS232.a(ADC.o) (__aeabi_dcmpgt)
c:/program files/cypress/psoc creator/2.1/psoc creator/import/gnu_cs/arm/4.4.1/bin/../lib/gcc/arm-none-eabi/4.4.1/thumb2\libgcc.a(_arm_addsubsf3.o)
                              .\CortexM3\ARM_GCC_441\Debug\RS232.a(ADC.o) (__aeabi_ui2f)
c:/program files/cypress/psoc creator/2.1/psoc creator/import/gnu_cs/arm/4.4.1/bin/../lib/gcc/arm-none-eabi/4.4.1/thumb2\libgcc.a(_arm_muldivsf3.o)
                              .\CortexM3\ARM_GCC_441\Debug\RS232.a(ADC.o) (__aeabi_fmul)
c:/program files/cypress/psoc creator/2.1/psoc creator/import/gnu_cs/arm/4.4.1/bin/../lib/gcc/arm-none-eabi/4.4.1/thumb2\libgcc.a(_arm_fixunssfsi.o)
                              .\CortexM3\ARM_GCC_441\Debug\RS232.a(ADC.o) (__aeabi_f2uiz)
c:/program files/cypress/psoc creator/2.1/psoc creator/import/gnu_cs/arm/4.4.1/bin/../lib/gcc/arm-none-eabi/4.4.1/../../../../arm-none-eabi/lib/thumb2\libc.a(lib_a-memcpy.o)
                              .\CortexM3\ARM_GCC_441\Debug\RS232.a(cyfitter_cfg.o) (memcpy)
c:/program files/cypress/psoc creator/2.1/psoc creator/import/gnu_cs/arm/4.4.1/bin/../lib/gcc/arm-none-eabi/4.4.1/../../../../arm-none-eabi/lib/thumb2\libc.a(lib_a-memset.o)
                              .\CortexM3\ARM_GCC_441\Debug\RS232.a(cyfitter_cfg.o) (memset)
c:/program files/cypress/psoc creator/2.1/psoc creator/import/gnu_cs/arm/4.4.1/bin/../lib/gcc/arm-none-eabi/4.4.1/../../../../arm-none-eabi/lib/thumb2\libc.a(lib_a-sprintf.o)
                              .\CortexM3\ARM_GCC_441\Debug\main.o (sprintf)
c:/program files/cypress/psoc creator/2.1/psoc creator/import/gnu_cs/arm/4.4.1/bin/../lib/gcc/arm-none-eabi/4.4.1/../../../../arm-none-eabi/lib/thumb2\libc.a(lib_a-svfprintf.o)
                              c:/program files/cypress/psoc creator/2.1/psoc creator/import/gnu_cs/arm/4.4.1/bin/../lib/gcc/arm-none-eabi/4.4.1/../../../../arm-none-eabi/lib/thumb2\libc.a(lib_a-sprintf.o) (_svfprintf_r)
c:/program files/cypress/psoc creator/2.1/psoc creator/import/gnu_cs/arm/4.4.1/bin/../lib/gcc/arm-none-eabi/4.4.1/../../../../arm-none-eabi/lib/thumb2\libc.a(lib_a-dtoa.o)
[...]
Memory Configuration

Name             Origin             Length             Attributes
rom              0x00000000         0x00040000         xr
ram              0x1fff8000         0x0000b000         xrw
*default*        0x00000000         0xffffffff

Linker script and memory map

LOAD c:/program files/cypress/psoc creator/2.1/psoc creator/import/gnu_cs/arm/4.4.1/bin/../lib/gcc/arm-none-eabi/4.4.1/thumb2/crti.o
LOAD c:/program files/cypress/psoc creator/2.1/psoc creator/import/gnu_cs/arm/4.4.1/bin/../lib/gcc/arm-none-eabi/4.4.1/thumb2/crtbegin.o
START GROUP
LOAD .\CortexM3\ARM_GCC_441\Debug\main.o
LOAD .\CortexM3\ARM_GCC_441\Debug\Cm3Start.o
LOAD .\CortexM3\ARM_GCC_441\Debug\RS232.a
LOAD C:\Program Files\Cypress\PSoC Creator\2.1\PSoC Creator\psoc\content\cycomponentlibrary\CyComponentLibrary.cylib\CortexM3\ARM_GCC_441\Debug\CyComponentLibrary.a
END GROUP
START GROUP
LOAD c:/program files/cypress/psoc creator/2.1/psoc creator/import/gnu_cs/arm/4.4.1/bin/../lib/gcc/arm-none-eabi/4.4.1/thumb2\libgcc.a
LOAD c:/program files/cypress/psoc creator/2.1/psoc creator/import/gnu_cs/arm/4.4.1/bin/../lib/gcc/arm-none-eabi/4.4.1/../../../../arm-none-eabi/lib/thumb2\libc.a
END GROUP
LOAD c:/program files/cypress/psoc creator/2.1/psoc creator/import/gnu_cs/arm/4.4.1/bin/../lib/gcc/arm-none-eabi/4.4.1/thumb2/crtend.o
LOAD c:/program files/cypress/psoc creator/2.1/psoc creator/import/gnu_cs/arm/4.4.1/bin/../lib/gcc/arm-none-eabi/4.4.1/thumb2/crtn.o
START GROUP
LOAD c:/program files/cypress/psoc creator/2.1/psoc creator/import/gnu_cs/arm/4.4.1/bin/../lib/gcc/arm-none-eabi/4.4.1/thumb2\libgcc.a
LOAD c:/program files/cypress/psoc creator/2.1/psoc creator/import/gnu_cs/arm/4.4.1/bin/../lib/gcc/arm-none-eabi/4.4.1/../../../../arm-none-eabi/lib/thumb2\libc.a
LOAD c:/program files/cypress/psoc creator/2.1/psoc creator/import/gnu_cs/arm/4.4.1/bin/../lib/gcc/arm-none-eabi/4.4.1/../../../../arm-none-eabi/lib/thumb2\libcs3.a
LOAD c:/program files/cypress/psoc creator/2.1/psoc creator/import/gnu_cs/arm/4.4.1/bin/../lib/gcc/arm-none-eabi/4.4.1/../../../../arm-none-eabi/lib/thumb2\libcs3unhosted.a
LOAD c:/program files/cypress/psoc creator/2.1/psoc creator/import/gnu_cs/arm/4.4.1/bin/../lib/gcc/arm-none-eabi/4.4.1/../../../../arm-none-eabi/lib/thumb2\libcs3micro.a
END GROUP
                0x1fff86b0                PROVIDE (__cs3_heap_start, _end)
                0x00000001                PROVIDE (__cs3_region_num, ((__cs3_regions_end - __cs3_regions) / 0x14))
                0x20008000                PROVIDE (__cs3_stack, 0x20008000)
                0x20004000                PROVIDE (__cs3_heap_end, (__cs3_stack - 0x4000))

.text           0x00000000     0x7bd4
 CREATE_OBJECT_SYMBOLS
                0x00000000                __cs3_interrupt_vector = __cs3_interrupt_vector_micro
 *(.cs3.interrupt_vector)
 .cs3.interrupt_vector
                0x00000000       0xc0 c:/program files/cypress/psoc creator/2.1/psoc creator/import/gnu_cs/arm/4.4.1/bin/../lib/gcc/arm-none-eabi/4.4.1/../../../../arm-none-eabi/lib/thumb2\libcs3micro.a(micro-vector.o)
                0x00000000                __cs3_interrupt_vector_micro
                0x00000001                ASSERT ((. != __cs3_interrupt_vector_micro), No interrupt vector)
                0x000005bc                PROVIDE (__cs3_reset, Reset)
 *(.cs3.reset)
                0x00000001                ASSERT ((. != __cs3_reset), No reset code)
 *(.dma_init)
                0x00000001                ASSERT ((((0x0 + .) <= 0x10000) || 0x1), DMA Init must be within the first 64k of flash)
 *(.text.cs3.init)
 .text.cs3.init
                0x000000c0       0x5c c:/program files/cypress/psoc creator/2.1/psoc creator/import/gnu_cs/arm/4.4.1/bin/../lib/gcc/arm-none-eabi/4.4.1/../../../../arm-none-eabi/lib/thumb2\libcs3.a(start_c.o)
                0x000000c0                __cs3_start_c
 *(.text .text.* .gnu.linkonce.t.*)
 .text          0x0000011c       0x30 c:/program files/cypress/psoc creator/2.1/psoc creator/import/gnu_cs/arm/4.4.1/bin/../lib/gcc/arm-none-eabi/4.4.1/thumb2/crtbegin.o
 .text.myisr    0x0000014c       0x68 .\CortexM3\ARM_GCC_441\Debug\main.o
                0x0000014c                myisr
 .text.main     0x000001b4       0xc8 .\CortexM3\ARM_GCC_441\Debug\main.o
                0x000001b4                main
 .text.update_readings
                0x0000027c       0x7c .\CortexM3\ARM_GCC_441\Debug\main.o
                0x0000027c                update_readings
 .text.update_digital_readings
                0x000002f8       0x48 .\CortexM3\ARM_GCC_441\Debug\main.o
                0x000002f8                update_digital_readings
 .text.convert_to_digital
                0x00000340       0x30 .\CortexM3\ARM_GCC_441\Debug\main.o
                0x00000340                convert_to_digital
 .text.update_state_machine
                0x00000370       0xa8 .\CortexM3\ARM_GCC_441\Debug\main.o
                0x00000370                update_state_machine
 .text.numLowReadings
                0x00000418       0x4c .\CortexM3\ARM_GCC_441\Debug\main.o
                0x00000418                numLowReadings
 .text.getWhichOneLow
                0x00000464       0x44 .\CortexM3\ARM_GCC_441\Debug\main.o
                0x00000464                getWhichOneLow
 .text.convert_light_to_move_type
                0x000004a8       0x48 .\CortexM3\ARM_GCC_441\Debug\main.o
                0x000004a8                convert_light_to_move_type
 .text.send_command
                0x000004f0       0x50 .\CortexM3\ARM_GCC_441\Debug\main.o
                0x000004f0                send_command
 .text.getNameOfMove
                0x00000540       0x7c .\CortexM3\ARM_GCC_441\Debug\main.o
                0x00000540                getNameOfMove
 .text.Reset    0x000005bc       0x24 .\CortexM3\ARM_GCC_441\Debug\Cm3Start.o
                0x000005bc                Reset
 .text.initialize_psoc
                0x000005e0       0x9c .\CortexM3\ARM_GCC_441\Debug\Cm3Start.o
                0x000005e0                initialize_psoc
 .text.CyHalt   0x0000067c       0x18 .\CortexM3\ARM_GCC_441\Debug\RS232.a(CyLib.o)
                0x0000067c                CyHalt
 .text.CyDelay  0x00000694       0x48 .\CortexM3\ARM_GCC_441\Debug\RS232.a(CyLib.o)
                0x00000694                CyDelay
 .text.CyDelayUs
                0x000006dc       0x28 .\CortexM3\ARM_GCC_441\Debug\RS232.a(CyLib.o)
                0x000006dc                CyDelayUs
 .text.CyIntSetVector
                0x00000704       0x68 .\CortexM3\ARM_GCC_441\Debug\RS232.a(CyLib.o)
                0x00000704                CyIntSetVector
 .text.CyIntSetPriority
                0x0000076c       0x5c .\CortexM3\ARM_GCC_441\Debug\RS232.a(CyLib.o)
                0x0000076c                CyIntSetPriority
 .text.CyIntEnable
                0x000007c8       0x48 .\CortexM3\ARM_GCC_441\Debug\RS232.a(CyLib.o)
                0x000007c8                CyIntEnable
 .text.LCD_Init
                0x00000810       0x90 .\CortexM3\ARM_GCC_441\Debug\RS232.a(LCD.o)
                0x00000810                LCD_Init
 .text.LCD_Enable
                0x000008a0       0x1c .\CortexM3\ARM_GCC_441\Debug\RS232.a(LCD.o)
                0x000008a0                LCD_Enable
 .text.LCD_Start
                0x000008bc       0x2c .\CortexM3\ARM_GCC_441\Debug\RS232.a(LCD.o)
                0x000008bc                LCD_Start
 .text.LCD_PrintString
                0x000008e8       0x40 .\CortexM3\ARM_GCC_441\Debug\RS232.a(LCD.o)
                0x000008e8                LCD_PrintString
 .text.LCD_WriteData
                0x00000928       0x38 .\CortexM3\ARM_GCC_441\Debug\RS232.a(LCD.o)
                0x00000928                LCD_WriteData
 .text.LCD_WriteControl
                0x00000960       0x40 .\CortexM3\ARM_GCC_441\Debug\RS232.a(LCD.o)
                0x00000960                LCD_WriteControl
 .text.LCD_IsReady
                0x000009a0      0x204 .\CortexM3\ARM_GCC_441\Debug\RS232.a(LCD.o)
                0x000009a0                LCD_IsReady
 .text.LCD_WrDatNib
                0x00000ba4       0xac .\CortexM3\ARM_GCC_441\Debug\RS232.a(LCD.o)
                0x00000ba4                LCD_WrDatNib
 .text.LCD_WrCntrlNib
                0x00000c50       0x8c .\CortexM3\ARM_GCC_441\Debug\RS232.a(LCD.o)
                0x00000c50                LCD_WrCntrlNib
 .text.UART_Start
                0x00000cdc       0x2c .\CortexM3\ARM_GCC_441\Debug\RS232.a(UART.o)
                0x00000cdc                UART_Start
 .text.UART_Init
                0x00000d08       0x44 .\CortexM3\ARM_GCC_441\Debug\RS232.a(UART.o)
                0x00000d08                UART_Init
 .text.UART_Enable
                0x00000d4c       0x90 .\CortexM3\ARM_GCC_441\Debug\RS232.a(UART.o)
                0x00000d4c                UART_Enable
 .text.UART_ClearRxBuffer
                0x00000ddc       0x54 .\CortexM3\ARM_GCC_441\Debug\RS232.a(UART.o)
                0x00000ddc                UART_ClearRxBuffer
 .text.UART_WriteTxData
                0x00000e30       0x30 .\CortexM3\ARM_GCC_441\Debug\RS232.a(UART.o)
                0x00000e30                UART_WriteTxData
 .text.rx_int_Start
                0x00000e60       0x24 .\CortexM3\ARM_GCC_441\Debug\RS232.a(rx_int.o)
                0x00000e60                rx_int_Start
 .text.rx_int_Interrupt
                0x00000e84        0xc .\CortexM3\ARM_GCC_441\Debug\RS232.a(rx_int.o)
                0x00000e84                rx_int_Interrupt
 .text.rx_int_SetVector
                0x00000e90       0x28 .\CortexM3\ARM_GCC_441\Debug\RS232.a(rx_int.o)
                0x00000e90                rx_int_SetVector
 .text.rx_int_SetPriority
                0x00000eb8       0x28 .\CortexM3\ARM_GCC_441\Debug\RS232.a(rx_int.o)
                0x00000eb8                rx_int_SetPriority
 .text.rx_int_Enable
                0x00000ee0       0x18 .\CortexM3\ARM_GCC_441\Debug\RS232.a(rx_int.o)
                0x00000ee0                rx_int_Enable
 .text.rx_int_Disable
                0x00000ef8       0x18 .\CortexM3\ARM_GCC_441\Debug\RS232.a(rx_int.o)
                0x00000ef8                rx_int_Disable
 .text.ADC_Init
                0x00000f10       0x34 .\CortexM3\ARM_GCC_441\Debug\RS232.a(ADC.o)
                0x00000f10                ADC_Init
 .text.ADC_Enable
                0x00000f44      0x1a4 .\CortexM3\ARM_GCC_441\Debug\RS232.a(ADC.o)
                0x00000f44                ADC_Enable
 .text.ADC_Start
                0x000010e8       0x3c .\CortexM3\ARM_GCC_441\Debug\RS232.a(ADC.o)
                0x000010e8                ADC_Start
 .text.ADC_StartConvert
                0x00001124       0x28 .\CortexM3\ARM_GCC_441\Debug\RS232.a(ADC.o)
                0x00001124                ADC_StartConvert
 .text.ADC_GetResult16
                0x0000114c       0x24 .\CortexM3\ARM_GCC_441\Debug\RS232.a(ADC.o)
                0x0000114c                ADC_GetResult16
 .text.ADC_InitConfig
                0x00001170      0x848 .\CortexM3\ARM_GCC_441\Debug\RS232.a(ADC.o)
                0x00001170                ADC_InitConfig
 .text.ADC_GainCompensation
                0x000019b8      0x19c .\CortexM3\ARM_GCC_441\Debug\RS232.a(ADC.o)
                0x000019b8                ADC_GainCompensation
 .text.ADC_SetDSMRef0Reg
                0x00001b54       0x94 .\CortexM3\ARM_GCC_441\Debug\RS232.a(ADC.o)
                0x00001b54                ADC_SetDSMRef0Reg
 .text.ADC_ISR1
                0x00001be8        0xc .\CortexM3\ARM_GCC_441\Debug\RS232.a(ADC_INT.o)
                0x00001be8                ADC_ISR1
 .text.ADC_ISR2
                0x00001bf4        0xc .\CortexM3\ARM_GCC_441\Debug\RS232.a(ADC_INT.o)
                0x00001bf4                ADC_ISR2
 .text.ADC_ISR3
                0x00001c00        0xc .\CortexM3\ARM_GCC_441\Debug\RS232.a(ADC_INT.o)
                0x00001c00                ADC_ISR3
 .text.ADC_ISR4
                0x00001c0c        0xc .\CortexM3\ARM_GCC_441\Debug\RS232.a(ADC_INT.o)
                0x00001c0c                ADC_ISR4
 .text.ADC_theACLK_SetModeRegister
                0x00001c18       0x38 .\CortexM3\ARM_GCC_441\Debug\RS232.a(ADC_theACLK.o)
                0x00001c18                ADC_theACLK_SetModeRegister
 .text.ADC_Ext_CP_Clk_SetModeRegister
                0x00001c50       0x38 .\CortexM3\ARM_GCC_441\Debug\RS232.a(ADC_Ext_CP_Clk.o)
                0x00001c50                ADC_Ext_CP_Clk_SetModeRegister
 .text.ADC_AMux_Start
                0x00001c88       0x3c .\CortexM3\ARM_GCC_441\Debug\RS232.a(ADC_AMux.o)
                0x00001c88                ADC_AMux_Start
 .text.ADC_AMux_Select
                0x00001cc4       0x2c .\CortexM3\ARM_GCC_441\Debug\RS232.a(ADC_AMux.o)
                0x00001cc4                ADC_AMux_Select
 .text.AMux_Start
                0x00001cf0       0x3c .\CortexM3\ARM_GCC_441\Debug\RS232.a(AMux.o)
                0x00001cf0                AMux_Start
 .text.AMux_FastSelect
                0x00001d2c       0x44 .\CortexM3\ARM_GCC_441\Debug\RS232.a(AMux.o)
                0x00001d2c                AMux_FastSelect
 .text.ISR_StartEx
                0x00001d70       0x28 .\CortexM3\ARM_GCC_441\Debug\RS232.a(ISR.o)
                0x00001d70                ISR_StartEx
 .text.ISR_SetVector
                0x00001d98       0x28 .\CortexM3\ARM_GCC_441\Debug\RS232.a(ISR.o)
                0x00001d98                ISR_SetVector
 .text.ISR_SetPriority
                0x00001dc0       0x28 .\CortexM3\ARM_GCC_441\Debug\RS232.a(ISR.o)
                0x00001dc0                ISR_SetPriority
 .text.ISR_Enable
                0x00001de8       0x18 .\CortexM3\ARM_GCC_441\Debug\RS232.a(ISR.o)
                0x00001de8                ISR_Enable
 .text.ISR_Disable
                0x00001e00       0x18 .\CortexM3\ARM_GCC_441\Debug\RS232.a(ISR.o)
                0x00001e00                ISR_Disable
 .text.cfg_write_bytes32
                0x00001e18       0x94 .\CortexM3\ARM_GCC_441\Debug\RS232.a(cyfitter_cfg.o)
 .text.ClockSetup
                0x00001eac      0x1d4 .\CortexM3\ARM_GCC_441\Debug\RS232.a(cyfitter_cfg.o)
 .text.AnalogSetDefault
                0x00002080       0x4c .\CortexM3\ARM_GCC_441\Debug\RS232.a(cyfitter_cfg.o)
                0x00002080                AnalogSetDefault
 .text.AMux_Set
                0x000020cc       0xfc .\CortexM3\ARM_GCC_441\Debug\RS232.a(cyfitter_cfg.o)
                0x000020cc                AMux_Set
 .text.AMux_Unset
                0x000021c8      0x118 .\CortexM3\ARM_GCC_441\Debug\RS232.a(cyfitter_cfg.o)
                0x000021c8                AMux_Unset
 .text.ADC_AMux_Set
                0x000022e0       0x50 .\CortexM3\ARM_GCC_441\Debug\RS232.a(cyfitter_cfg.o)
                0x000022e0                ADC_AMux_Set
 .text.ADC_AMux_Unset
                0x00002330       0x5c .\CortexM3\ARM_GCC_441\Debug\RS232.a(cyfitter_cfg.o)
                0x00002330                ADC_AMux_Unset
 .text.cyfitter_cfg
                0x0000238c      0x270 .\CortexM3\ARM_GCC_441\Debug\RS232.a(cyfitter_cfg.o)
                0x0000238c                cyfitter_cfg
 *fill*         0x000025fc        0x4 00
 .text          0x00002600       0x20 .\CortexM3\ARM_GCC_441\Debug\RS232.a(CyBootAsmGnu.o)
                0x00002600                CyDelayCycles
                0x00002610                CyEnterCriticalSection
                0x00002618                CyExitCriticalSection
 .text.CySetReg24
                0x00002620       0x4c .\CortexM3\ARM_GCC_441\Debug\RS232.a(cyutils.o)
                0x00002620                CySetReg24
 .text          0x0000266c      0x370 c:/program files/cypress/psoc creator/2.1/psoc creator/import/gnu_cs/arm/4.4.1/bin/../lib/gcc/arm-none-eabi/4.4.1/thumb2\libgcc.a(_arm_addsubdf3.o)
                0x0000266c                __aeabi_drsub
                0x00002674                __aeabi_dsub
                0x00002674                __subdf3
                0x00002678                __aeabi_dadd
                0x00002678                __adddf3
                0x000028f0                __floatunsidf
                0x000028f0                __aeabi_ui2d
                0x00002910                __floatsidf
                0x00002910                __aeabi_i2d
                0x00002934                __aeabi_f2d
                0x00002934                __extendsfdf2
                0x00002970                __floatundidf
                0x00002970                __aeabi_ul2d
                0x00002980                __floatdidf
                0x00002980                __aeabi_l2d
 .text          0x000029dc      0x110 c:/program files/cypress/psoc creator/2.1/psoc creator/import/gnu_cs/arm/4.4.1/bin/../lib/gcc/arm-none-eabi/4.4.1/thumb2\libgcc.a(_arm_cmpdf2.o)
                0x000029dc                __gtdf2
                0x000029dc                __gedf2
                0x000029e4                __ltdf2
                0x000029e4                __ledf2
                0x000029ec                __nedf2
                0x000029ec                __eqdf2
                0x000029ec                __cmpdf2
                0x00002a68                __aeabi_cdrcmple
                0x00002a78                __aeabi_cdcmpeq
                0x00002a78                __aeabi_cdcmple
                0x00002a88                __aeabi_dcmpeq
                0x00002a9c                __aeabi_dcmplt
                0x00002ab0                __aeabi_dcmple
                0x00002ac4                __aeabi_dcmpge
                0x00002ad8                __aeabi_dcmpgt
 .text          0x00002aec      0x190 c:/program files/cypress/psoc creator/2.1/psoc creator/import/gnu_cs/arm/4.4.1/bin/../lib/gcc/arm-none-eabi/4.4.1/../../../../arm-none-eabi/lib/thumb2\libc.a(lib_a-memcpy.o)
                0x00002aec                memcpy
 .text          0x00002c7c       0xd4 c:/program files/cypress/psoc creator/2.1/psoc creator/import/gnu_cs/arm/4.4.1/bin/../lib/gcc/arm-none-eabi/4.4.1/../../../../arm-none-eabi/lib/thumb2\libc.a(lib_a-memset.o)
                0x00002c7c                memset
 .text          0x00002d50       0x94 c:/program files/cypress/psoc creator/2.1/psoc creator/import/gnu_cs/arm/4.4.1/bin/../lib/gcc/arm-none-eabi/4.4.1/../../../../arm-none-eabi/lib/thumb2\libc.a(lib_a-sprintf.o)
                0x00002d50                sprintf
                0x00002da0                _sprintf_r
 .text          0x00002de4     0x15a8 c:/program files/cypress/psoc creator/2.1/psoc creator/import/gnu_cs/arm/4.4.1/bin/../lib/gcc/arm-none-eabi/4.4.1/../../../../arm-none-eabi/lib/thumb2\libc.a(lib_a-svfprintf.o)
                0x00002f00                _svfprintf_r
 *fill*         0x0000438c        0x4 00
 .text          0x00004390      0xfb8 c:/program files/cypress/psoc creator/2.1/psoc creator/import/gnu_cs/arm/4.4.1/bin/../lib/gcc/arm-none-eabi/4.4.1/../../../../arm-none-eabi/lib/thumb2\libc.a(lib_a-dtoa.o)
                0x000044b0                _dtoa_r
 .text          0x00005348      0x268 c:/program files/cypress/psoc creator/2.1/psoc creator/import/gnu_cs/arm/4.4.1/bin/../lib/gcc/arm-none-eabi/4.4.1/../../../../arm-none-eabi/lib/thumb2\libc.a(lib_a-freer.o)
                0x00005348                _malloc_trim_r
                0x000053f0                _free_r
 .text          0x000055b0       0x74 c:/program files/cypress/psoc creator/2.1/psoc creator/import/gnu_cs/arm/4.4.1/bin/../lib/gcc/arm-none-eabi/4.4.1/../../../../arm-none-eabi/lib/thumb2\libc.a(lib_a-locale.o)
                0x000055b0                __locale_charset
                0x000055bc                _localeconv_r
                0x000055c4                localeconv
                0x000055cc                _setlocale_r
                0x00005614                setlocale
 .text          0x00005624       0x20 c:/program files/cypress/psoc creator/2.1/psoc creator/import/gnu_cs/arm/4.4.1/bin/../lib/gcc/arm-none-eabi/4.4.1/../../../../arm-none-eabi/lib/thumb2\libc.a(lib_a-malloc.o)
                0x00005624                free
                0x00005634                malloc
 .text          0x00005644      0x5a4 c:/program files/cypress/psoc creator/2.1/psoc creator/import/gnu_cs/arm/4.4.1/bin/../lib/gcc/arm-none-eabi/4.4.1/../../../../arm-none-eabi/lib/thumb2\libc.a(lib_a-mallocr.o)
                0x00005644                _malloc_r
 .text          0x00005be8       0x74 c:/program files/cypress/psoc creator/2.1/psoc creator/import/gnu_cs/arm/4.4.1/bin/../lib/gcc/arm-none-eabi/4.4.1/../../../../arm-none-eabi/lib/thumb2\libc.a(lib_a-memchr.o)
                0x00005be8                memchr
 .text          0x00005c5c       0xb8 c:/program files/cypress/psoc creator/2.1/psoc creator/import/gnu_cs/arm/4.4.1/bin/../lib/gcc/arm-none-eabi/4.4.1/../../../../arm-none-eabi/lib/thumb2\libc.a(lib_a-memmove.o)
                0x00005c5c                memmove
 .text          0x00005d14        0x8 c:/program files/cypress/psoc creator/2.1/psoc creator/import/gnu_cs/arm/4.4.1/bin/../lib/gcc/arm-none-eabi/4.4.1/../../../../arm-none-eabi/lib/thumb2\libc.a(lib_a-mlock.o)
                0x00005d14                __malloc_lock
                0x00005d18                __malloc_unlock
 .text          0x00005d1c      0x958 c:/program files/cypress/psoc creator/2.1/psoc creator/import/gnu_cs/arm/4.4.1/bin/../lib/gcc/arm-none-eabi/4.4.1/../../../../arm-none-eabi/lib/thumb2\libc.a(lib_a-mprec.o)
                0x00005d1c                __hi0bits
                0x00005d5c                __lo0bits
                0x00005dc0                __mcmp
                0x00005e00                __ulp
                0x00005e4c                __b2d
                0x00005ef4                __ratio
                0x00005f54                _mprec_log10
                0x00005f8c                __copybits
                0x00005fdc                __any_on
                0x00006034                _Bfree
                0x0000606c                _Balloc
                0x000060d8                __d2b
                0x000061a8                __mdiff
                0x000062a0                __lshift
                0x0000635c                __multiply
                0x00006490                __i2b
                0x000064a4                __multadd
                0x0000652c                __pow5mult
                0x000065d8                __s2b
 .text          0x00006674      0x3b4 c:/program files/cypress/psoc creator/2.1/psoc creator/import/gnu_cs/arm/4.4.1/bin/../lib/gcc/arm-none-eabi/4.4.1/../../../../arm-none-eabi/lib/thumb2\libc.a(lib_a-reallocr.o)
                0x00006674                _realloc_r
 .text          0x00006a28       0x24 c:/program files/cypress/psoc creator/2.1/psoc creator/import/gnu_cs/arm/4.4.1/bin/../lib/gcc/arm-none-eabi/4.4.1/../../../../arm-none-eabi/lib/thumb2\libc.a(lib_a-s_isinfd.o)
                0x00006a28                __isinfd
 .text          0x00006a4c       0x1c c:/program files/cypress/psoc creator/2.1/psoc creator/import/gnu_cs/arm/4.4.1/bin/../lib/gcc/arm-none-eabi/4.4.1/../../../../arm-none-eabi/lib/thumb2\libc.a(lib_a-s_isnand.o)
                0x00006a4c                __isnand
 .text          0x00006a68       0x28 c:/program files/cypress/psoc creator/2.1/psoc creator/import/gnu_cs/arm/4.4.1/bin/../lib/gcc/arm-none-eabi/4.4.1/../../../../arm-none-eabi/lib/thumb2\libc.a(lib_a-sbrkr.o)
                0x00006a68                _sbrk_r
 .text          0x00006a90      0x1dc c:/program files/cypress/psoc creator/2.1/psoc creator/import/gnu_cs/arm/4.4.1/bin/../lib/gcc/arm-none-eabi/4.4.1/../../../../arm-none-eabi/lib/thumb2\libc.a(lib_a-strcmp.o)
                0x00006a90                strcmp
 .text          0x00006c6c       0x60 c:/program files/cypress/psoc creator/2.1/psoc creator/import/gnu_cs/arm/4.4.1/bin/../lib/gcc/arm-none-eabi/4.4.1/../../../../arm-none-eabi/lib/thumb2\libc.a(lib_a-strlen.o)
                0x00006c6c                strlen
 .text          0x00006ccc       0x5c c:/program files/cypress/psoc creator/2.1/psoc creator/import/gnu_cs/arm/4.4.1/bin/../lib/gcc/arm-none-eabi/4.4.1/../../../../arm-none-eabi/lib/thumb2\libc.a(lib_a-callocr.o)
                0x00006ccc                _calloc_r
 .text          0x00006d28      0x278 c:/program files/cypress/psoc creator/2.1/psoc creator/import/gnu_cs/arm/4.4.1/bin/../lib/gcc/arm-none-eabi/4.4.1/thumb2\libgcc.a(_udivsi3.o)
                0x00006d28                __aeabi_uidiv
                0x00006d28                __udivsi3
                0x00006f84                __aeabi_uidivmod
 .text          0x00006fa0        0x4 c:/program files/cypress/psoc creator/2.1/psoc creator/import/gnu_cs/arm/4.4.1/bin/../lib/gcc/arm-none-eabi/4.4.1/thumb2\libgcc.a(_dvmd_tls.o)
                0x00006fa0                __aeabi_idiv0
                0x00006fa0                __aeabi_ldiv0
 .text          0x00006fa4      0x424 c:/program files/cypress/psoc creator/2.1/psoc creator/import/gnu_cs/arm/4.4.1/bin/../lib/gcc/arm-none-eabi/4.4.1/thumb2\libgcc.a(_arm_muldivdf3.o)
                0x00006fa4                __aeabi_dmul
                0x00006fa4                __muldf3
                0x000071f8                __divdf3
                0x000071f8                __aeabi_ddiv
 .text          0x000073c8       0x50 c:/program files/cypress/psoc creator/2.1/psoc creator/import/gnu_cs/arm/4.4.1/bin/../lib/gcc/arm-none-eabi/4.4.1/thumb2\libgcc.a(_arm_fixdfsi.o)
                0x000073c8                __aeabi_d2iz
                0x000073c8                __fixdfsi
 .text          0x00007418       0x2c c:/program files/cypress/psoc creator/2.1/psoc creator/import/gnu_cs/arm/4.4.1/bin/../lib/gcc/arm-none-eabi/4.4.1/thumb2\libgcc.a(_aeabi_uldivmod.o)
                0x00007418                __aeabi_uldivmod
 .text          0x00007444       0x58 c:/program files/cypress/psoc creator/2.1/psoc creator/import/gnu_cs/arm/4.4.1/bin/../lib/gcc/arm-none-eabi/4.4.1/thumb2\libgcc.a(bpabi.o)
                0x00007444                __gnu_uldivmod_helper
                0x00007470                __gnu_ldivmod_helper
 .text          0x0000749c      0x364 c:/program files/cypress/psoc creator/2.1/psoc creator/import/gnu_cs/arm/4.4.1/bin/../lib/gcc/arm-none-eabi/4.4.1/thumb2\libgcc.a(_divdi3.o)
                0x0000749c                __divdi3
 .text          0x00007800      0x300 c:/program files/cypress/psoc creator/2.1/psoc creator/import/gnu_cs/arm/4.4.1/bin/../lib/gcc/arm-none-eabi/4.4.1/thumb2\libgcc.a(_udivdi3.o)
                0x00007800                __udivdi3
 .text          0x00007b00       0x30 c:/program files/cypress/psoc creator/2.1/psoc creator/import/gnu_cs/arm/4.4.1/bin/../lib/gcc/arm-none-eabi/4.4.1/../../../../arm-none-eabi/lib/thumb2\libcs3.a(start_c.o)
                0x00007b00                __cs3_premain
 .text          0x00007b30       0x44 c:/program files/cypress/psoc creator/2.1/psoc creator/import/gnu_cs/arm/4.4.1/bin/../lib/gcc/arm-none-eabi/4.4.1/../../../../arm-none-eabi/lib/thumb2\libcs3unhosted.a(unhosted-sbrk.o)
                0x00007b30                _sbrk
 .text          0x00007b74        0x2 c:/program files/cypress/psoc creator/2.1/psoc creator/import/gnu_cs/arm/4.4.1/bin/../lib/gcc/arm-none-eabi/4.4.1/../../../../arm-none-eabi/lib/thumb2\libcs3micro.a(micro_isr_interrupt.o)
                0x00007b74                __cs3_isr_external_24
                0x00007b74                __cs3_isr_external_9
                0x00007b74                __cs3_isr_external_14
                0x00007b74                __cs3_isr_reserved_9
                0x00007b74                __cs3_isr_external_4
                0x00007b74                __cs3_isr_external_21
                0x00007b74                __cs3_isr_external_0
                0x00007b74                __cs3_isr_external_27
                0x00007b74                __cs3_isr_external_11
                0x00007b74                __cs3_isr_usage_fault
                0x00007b74                __cs3_isr_svcall
                0x00007b74                __cs3_isr_external_3
                0x00007b74                __cs3_isr_mpu_fault
                0x00007b74                __cs3_isr_external_16
                0x00007b74                __cs3_isr_pendsv
                0x00007b74                __cs3_isr_external_31
                0x00007b74                __cs3_isr_nmi
                0x00007b74                __cs3_isr_external_5
                0x00007b74                __cs3_isr_external_6
                0x00007b74                __cs3_isr_external_12
                0x00007b74                __cs3_isr_hard_fault
                0x00007b74                __cs3_isr_bus_fault
                0x00007b74                __cs3_isr_external_1
                0x00007b74                __cs3_isr_external_13
                0x00007b74                __cs3_isr_external_30
                0x00007b74                __cs3_isr_external_23
                0x00007b74                __cs3_isr_external_20
                0x00007b74                __cs3_isr_debug
                0x00007b74                __cs3_isr_reserved_13
                0x00007b74                __cs3_isr_external_8
                0x00007b74                __cs3_isr_external_26
                0x00007b74                __cs3_isr_reserved_8
                0x00007b74                __cs3_isr_reserved_7
                0x00007b74                __cs3_isr_external_7
                0x00007b74                __cs3_isr_external_28
                0x00007b74                __cs3_isr_systick
                0x00007b74                __cs3_isr_external_22
                0x00007b74                __cs3_isr_external_10
                0x00007b74                __cs3_isr_external_15
                0x00007b74                __cs3_isr_interrupt
                0x00007b74                __cs3_isr_external_18
                0x00007b74                __cs3_isr_external_29
                0x00007b74                __cs3_isr_external_25
                0x00007b74                __cs3_isr_reserved_10
                0x00007b74                __cs3_isr_external_2
                0x00007b74                __cs3_isr_external_17
                0x00007b74                __cs3_isr_external_19
 *fill*         0x00007b76        0x2 00
 .text          0x00007b78        0xc c:/program files/cypress/psoc creator/2.1/psoc creator/import/gnu_cs/arm/4.4.1/bin/../lib/gcc/arm-none-eabi/4.4.1/../../../../arm-none-eabi/lib/thumb2\libc.a(lib_a-errno.o)
                0x00007b78                __errno
 .text          0x00007b84       0x50 c:/program files/cypress/psoc creator/2.1/psoc creator/import/gnu_cs/arm/4.4.1/bin/../lib/gcc/arm-none-eabi/4.4.1/../../../../arm-none-eabi/lib/thumb2\libc.a(lib_a-init.o)
                0x00007b84                __libc_init_array
 *(.plt)
 *(.gnu.warning)
 *(.glue_7t)
 .glue_7t       0x00000000        0x0 linker stubs
 *(.glue_7)
 .glue_7        0x00000000        0x0 linker stubs
 *(.vfp11_veneer)
 .vfp11_veneer  0x00000000        0x0 linker stubs
 *(.bootloader)
 *(.ARM.extab* .gnu.linkonce.armextab.*)
 *(.gcc_except_table)

.v4_bx          0x00007bd4        0x0
 .v4_bx         0x00000000        0x0 linker stubs

.eh_frame_hdr
 *(.eh_frame_hdr)

.eh_frame
 *(.eh_frame)
                0x00007bd4                PROVIDE (__exidx_start, .)

.ARM.exidx      0x00007bd4        0x8
 *(.ARM.exidx* .gnu.linkonce.armexidx.*)
 .ARM.exidx     0x00007bd4        0x8 c:/program files/cypress/psoc creator/2.1/psoc creator/import/gnu_cs/arm/4.4.1/bin/../lib/gcc/arm-none-eabi/4.4.1/thumb2\libgcc.a(_divdi3.o)
 .ARM.exidx     0x00007bdc        0x0 c:/program files/cypress/psoc creator/2.1/psoc creator/import/gnu_cs/arm/4.4.1/bin/../lib/gcc/arm-none-eabi/4.4.1/thumb2\libgcc.a(_udivdi3.o)
                                  0x8 (size before relaxing)
                0x00007bdc                __exidx_end = .

.rodata         0x00007be0      0x328
 *(.rodata .rodata.* .gnu.linkonce.r.*)
 .rodata        0x00007be0       0x7c .\CortexM3\ARM_GCC_441\Debug\main.o
 .rodata        0x00007c5c       0x8c .\CortexM3\ARM_GCC_441\Debug\RS232.a(cyfitter_cfg.o)
                0x00007ca4                AMux__outerAddr
                0x00007cb8                AMux__outerMask
                0x00007cc0                AMux__innerAddr
                0x00007cd0                AMux__innerMask
                0x00007cd4                AMux__innerMap
                0x00007cdc                ADC_AMux__addrTable
                0x00007ce4                ADC_AMux__maskTable
 .rodata        0x00007ce8       0x20 c:/program files/cypress/psoc creator/2.1/psoc creator/import/gnu_cs/arm/4.4.1/bin/../lib/gcc/arm-none-eabi/4.4.1/../../../../arm-none-eabi/lib/thumb2\libc.a(lib_a-svfprintf.o)
 .rodata.str1.4
                0x00007d08       0x42 c:/program files/cypress/psoc creator/2.1/psoc creator/import/gnu_cs/arm/4.4.1/bin/../lib/gcc/arm-none-eabi/4.4.1/../../../../arm-none-eabi/lib/thumb2\libc.a(lib_a-svfprintf.o)
                                 0x44 (size before relaxing)
 *fill*         0x00007d4a        0x2 00
 .rodata.str1.4
                0x00007d4c       0x10 c:/program files/cypress/psoc creator/2.1/psoc creator/import/gnu_cs/arm/4.4.1/bin/../lib/gcc/arm-none-eabi/4.4.1/../../../../arm-none-eabi/lib/thumb2\libc.a(lib_a-dtoa.o)
                                 0x14 (size before relaxing)
 .rodata.str1.4
                0x00007d5c        0x2 c:/program files/cypress/psoc creator/2.1/psoc creator/import/gnu_cs/arm/4.4.1/bin/../lib/gcc/arm-none-eabi/4.4.1/../../../../arm-none-eabi/lib/thumb2\libc.a(lib_a-impure.o)
                                  0x4 (size before relaxing)
 *fill*         0x00007d5e        0x2 00
 .rodata        0x00007d60       0x34 c:/program files/cypress/psoc creator/2.1/psoc creator/import/gnu_cs/arm/4.4.1/bin/../lib/gcc/arm-none-eabi/4.4.1/../../../../arm-none-eabi/lib/thumb2\libc.a(lib_a-locale.o)
 .rodata.str1.4
                0x00007d94       0x10 c:/program files/cypress/psoc creator/2.1/psoc creator/import/gnu_cs/arm/4.4.1/bin/../lib/gcc/arm-none-eabi/4.4.1/../../../../arm-none-eabi/lib/thumb2\libc.a(lib_a-locale.o)
                                 0x18 (size before relaxing)
 *fill*         0x00007da4        0x4 00
 .rodata        0x00007da8      0x128 c:/program files/cypress/psoc creator/2.1/psoc creator/import/gnu_cs/arm/4.4.1/bin/../lib/gcc/arm-none-eabi/4.4.1/../../../../arm-none-eabi/lib/thumb2\libc.a(lib_a-mprec.o)
                0x00007da8                __mprec_tens
                0x00007e80                __mprec_bigtens
                0x00007ea8                __mprec_tinytens
                0x00007ed0                . = ALIGN (0x4)
 *(.init)
 .init          0x00007ed0        0x4 c:/program files/cypress/psoc creator/2.1/psoc creator/import/gnu_cs/arm/4.4.1/bin/../lib/gcc/arm-none-eabi/4.4.1/thumb2/crti.o
                0x00007ed0                _init
 .init          0x00007ed4        0x8 c:/program files/cypress/psoc creator/2.1/psoc creator/import/gnu_cs/arm/4.4.1/bin/../lib/gcc/arm-none-eabi/4.4.1/thumb2/crtn.o
                0x00007edc                . = ALIGN (0x4)
                0x00007edc                __preinit_array_start = .
 *(.preinit_array)
                0x00007edc                __preinit_array_end = .
                0x00007edc                . = ALIGN (0x4)
                0x00007edc                __init_array_start = .
 *(SORT(.init_array.*))
 *(.init_array)
 .init_array    0x00007edc        0x4 c:/program files/cypress/psoc creator/2.1/psoc creator/import/gnu_cs/arm/4.4.1/bin/../lib/gcc/arm-none-eabi/4.4.1/thumb2/crtbegin.o
 .init_array    0x00007ee0        0x4 .\CortexM3\ARM_GCC_441\Debug\Cm3Start.o
                0x00007ee4                __init_array_end = .
                0x00007ee4                . = ALIGN (0x4)
 *(.fini)
 .fini          0x00007ee4        0x4 c:/program files/cypress/psoc creator/2.1/psoc creator/import/gnu_cs/arm/4.4.1/bin/../lib/gcc/arm-none-eabi/4.4.1/thumb2/crti.o
                0x00007ee4                _fini
 .fini          0x00007ee8        0x8 c:/program files/cypress/psoc creator/2.1/psoc creator/import/gnu_cs/arm/4.4.1/bin/../lib/gcc/arm-none-eabi/4.4.1/thumb2/crtn.o
                0x00007ef0                . = ALIGN (0x4)
                0x00007ef0                __fini_array_start = .
 *(.fini_array)
 .fini_array    0x00007ef0        0x4 c:/program files/cypress/psoc creator/2.1/psoc creator/import/gnu_cs/arm/4.4.1/bin/../lib/gcc/arm-none-eabi/4.4.1/thumb2/crtbegin.o
 *(SORT(.fini_array.*))
                0x00007ef4                __fini_array_end = .
                0x00007ef4                . = ALIGN (0x4)
 *crtbegin.o(.ctors)
 *(EXCLUDE_FILE(*crtend.o) .ctors)
 *(SORT(.ctors.*))
 *crtend.o(.ctors)
                0x00007ef4                . = ALIGN (0x4)
 *crtbegin.o(.dtors)
 *(EXCLUDE_FILE(*crtend.o) .dtors)
 *(SORT(.dtors.*))
 *crtend.o(.dtors)
                0x00007ef4                . = ALIGN (0x4)
                0x00007ef4                __cs3_regions = .
                0x00007ef4        0x4 LONG 0x0
                0x00007ef8        0x4 LONG 0x7f08 __cs3_region_init_ram
                0x00007efc        0x4 LONG 0x1fff8000 __cs3_region_start_ram
                0x00007f00        0x4 LONG 0x630 __cs3_region_init_size_ram
                0x00007f04        0x4 LONG 0x80 __cs3_region_zero_size_ram
                0x00007f08                __cs3_regions_end = .
                0x00007f08                . = ALIGN (0x8)
                0x00007f08                _etext = .

.data           0x1fff8000      0x630 load address 0x00007f08
                0x1fff8000                __cs3_region_start_ram = .
 *(.cs3.region-head.ram)
                0x1fff8001                ASSERT ((. == __cs3_region_start_ram), .cs3.region-head.ram not permitted)
 *(.ramvectors)
 .ramvectors    0x1fff8000      0x100 .\CortexM3\ARM_GCC_441\Debug\Cm3Start.o
                0x1fff8000                CyRamVectors
 *(.jcr)
 .jcr           0x1fff8100        0x0 c:/program files/cypress/psoc creator/2.1/psoc creator/import/gnu_cs/arm/4.4.1/bin/../lib/gcc/arm-none-eabi/4.4.1/thumb2/crtbegin.o
 .jcr           0x1fff8100        0x4 c:/program files/cypress/psoc creator/2.1/psoc creator/import/gnu_cs/arm/4.4.1/bin/../lib/gcc/arm-none-eabi/4.4.1/thumb2/crtend.o
 *(.got.plt)
 *(.got)
 *(.shdata)
 *(.data .data.* .gnu.linkonce.d.*)
 .data          0x1fff8104       0x10 .\CortexM3\ARM_GCC_441\Debug\RS232.a(CyLib.o)
                0x1fff8104                cydelay_freq_hz
                0x1fff8108                cydelay_freq_khz
                0x1fff810c                cydelay_freq_mhz
                0x1fff8110                cydelay_32k_ms
 .data          0x1fff8114        0x8 .\CortexM3\ARM_GCC_441\Debug\RS232.a(ADC.o)
                0x1fff8114                ADC_Config
                0x1fff8118                ADC_CountsPerVolt
 .data          0x1fff811c        0x1 .\CortexM3\ARM_GCC_441\Debug\RS232.a(ADC_AMux.o)
                0x1fff811c                ADC_AMux_lastChannel
 .data          0x1fff811d        0x1 .\CortexM3\ARM_GCC_441\Debug\RS232.a(AMux.o)
                0x1fff811d                AMux_lastChannel
 *fill*         0x1fff811e        0x2 00
 .data          0x1fff8120       0xf4 c:/program files/cypress/psoc creator/2.1/psoc creator/import/gnu_cs/arm/4.4.1/bin/../lib/gcc/arm-none-eabi/4.4.1/../../../../arm-none-eabi/lib/thumb2\libc.a(lib_a-impure.o)
                0x1fff8120                _impure_ptr
 .data          0x1fff8214      0x410 c:/program files/cypress/psoc creator/2.1/psoc creator/import/gnu_cs/arm/4.4.1/bin/../lib/gcc/arm-none-eabi/4.4.1/../../../../arm-none-eabi/lib/thumb2\libc.a(lib_a-mallocr.o)
                0x1fff8214                __malloc_av_
                0x1fff861c                __malloc_sbrk_base
                0x1fff8620                __malloc_trim_threshold
 .data          0x1fff8624        0x4 c:/program files/cypress/psoc creator/2.1/psoc creator/import/gnu_cs/arm/4.4.1/bin/../lib/gcc/arm-none-eabi/4.4.1/../../../../arm-none-eabi/lib/thumb2\libcs3unhosted.a(unhosted-sbrk.o)
 .data          0x1fff8628        0x4 c:/program files/cypress/psoc creator/2.1/psoc creator/import/gnu_cs/arm/4.4.1/bin/../lib/gcc/arm-none-eabi/4.4.1/../../../../arm-none-eabi/lib/thumb2\libcs3.a(heap.o)
                0x1fff8628                __cs3_heap_limit
                0x1fff8630                . = ALIGN (0x8)
 *fill*         0x1fff862c        0x4 00
 *(.ram)
                0x1fff8630                _edata = .

.bss            0x1fff8630       0x80 load address 0x00008538
 *(.shbss)
 *(.bss .bss.* .gnu.linkonce.b.*)
 .bss           0x1fff8630        0x1 c:/program files/cypress/psoc creator/2.1/psoc creator/import/gnu_cs/arm/4.4.1/bin/../lib/gcc/arm-none-eabi/4.4.1/thumb2/crtbegin.o
 *fill*         0x1fff8631        0x3 00
 .bss           0x1fff8634        0x4 .\CortexM3\ARM_GCC_441\Debug\main.o
                0x1fff8634                hold_down_state
 .bss           0x1fff8638        0x2 .\CortexM3\ARM_GCC_441\Debug\RS232.a(LCD.o)
                0x1fff8638                LCD_enableState
                0x1fff8639                LCD_initVar
 .bss           0x1fff863a        0x2 .\CortexM3\ARM_GCC_441\Debug\RS232.a(UART.o)
                0x1fff863a                UART_initVar
 .bss           0x1fff863c        0x8 .\CortexM3\ARM_GCC_441\Debug\RS232.a(ADC.o)
                0x1fff863c                ADC_convDone
                0x1fff863d                ADC_stopConversion
                0x1fff863e                ADC_initVar
                0x1fff863f                ADC_started
                0x1fff8640                ADC_Offset
 .bss           0x1fff8644        0x8 .\CortexM3\ARM_GCC_441\Debug\RS232.a(cyfitter_cfg.o)
                0x1fff8644                AMux__armsEnabled
                0x1fff8648                AMux__refCnt
 .bss           0x1fff864c       0x34 c:/program files/cypress/psoc creator/2.1/psoc creator/import/gnu_cs/arm/4.4.1/bin/../lib/gcc/arm-none-eabi/4.4.1/../../../../arm-none-eabi/lib/thumb2\libc.a(lib_a-mallocr.o)
                0x1fff864c                __malloc_top_pad
                0x1fff8650                __malloc_current_mallinfo
                0x1fff8678                __malloc_max_sbrked_mem
                0x1fff867c                __malloc_max_total_mem
 *(COMMON)
 COMMON         0x1fff8680       0x28 .\CortexM3\ARM_GCC_441\Debug\main.o
                0x1fff8680                current_move
                0x1fff8684                digital_readings
                0x1fff8694                move_counter
                0x1fff8698                readings
 COMMON         0x1fff86a8        0x1 .\CortexM3\ARM_GCC_441\Debug\RS232.a(CyLib.o)
                0x1fff86a8                CyResetStatus
 *fill*         0x1fff86a9        0x3 00
 COMMON         0x1fff86ac        0x4 c:/program files/cypress/psoc creator/2.1/psoc creator/import/gnu_cs/arm/4.4.1/bin/../lib/gcc/arm-none-eabi/4.4.1/../../../../arm-none-eabi/lib/thumb2\libc.a(lib_a-reent.o)
                0x1fff86ac                errno
                0x1fff86b0                . = ALIGN (0x8)
 *(.ram.b)
                0x1fff86b0                _end = .
                0x1fff86b0                __end = .
                0x20003000                __cs3_region_end_ram = (__cs3_region_start_ram + 0xb000)
                0x0000b000                __cs3_region_size_ram = 0xb000
                0x00007f08                __cs3_region_init_ram = LOADADDR (.data)
                0x00000630                __cs3_region_init_size_ram = (_edata - ADDR (.data))
                0x00000080                __cs3_region_zero_size_ram = (_end - _edata)

.stab
 *(.stab)

.stabstr
 *(.stabstr)

.debug
 *(.debug)

.line
 *(.line)

.debug_srcinfo
 *(.debug_srcinfo)

.debug_sfnames
 *(.debug_sfnames)

.comment        0x00000000      0x306
 .comment       0x00000000       0x2b .\CortexM3\ARM_GCC_441\Debug\main.o
 .comment       0x0000002b       0x2b .\CortexM3\ARM_GCC_441\Debug\Cm3Start.o
 .comment       0x00000056       0x2b .\CortexM3\ARM_GCC_441\Debug\RS232.a(CyLib.o)
 .comment       0x00000081       0x2b .\CortexM3\ARM_GCC_441\Debug\RS232.a(cyPm.o)
 .comment       0x000000ac       0x2b .\CortexM3\ARM_GCC_441\Debug\RS232.a(LCD.o)
 .comment       0x000000d7       0x2b .\CortexM3\ARM_GCC_441\Debug\RS232.a(UART.o)
 .comment       0x00000102       0x2b .\CortexM3\ARM_GCC_441\Debug\RS232.a(rx_int.o)
 .comment       0x0000012d       0x2b .\CortexM3\ARM_GCC_441\Debug\RS232.a(ADC.o)
 .comment       0x00000158       0x2b .\CortexM3\ARM_GCC_441\Debug\RS232.a(ADC_INT.o)
 .comment       0x00000183       0x2b .\CortexM3\ARM_GCC_441\Debug\RS232.a(ADC_theACLK.o)
 .comment       0x000001ae       0x2b .\CortexM3\ARM_GCC_441\Debug\RS232.a(ADC_Ext_CP_Clk.o)
 .comment       0x000001d9       0x2b .\CortexM3\ARM_GCC_441\Debug\RS232.a(ADC_AMux.o)
 .comment       0x00000204       0x2b .\CortexM3\ARM_GCC_441\Debug\RS232.a(AMux.o)
 .comment       0x0000022f       0x2b .\CortexM3\ARM_GCC_441\Debug\RS232.a(ISR.o)
 .comment       0x0000025a       0x2b .\CortexM3\ARM_GCC_441\Debug\RS232.a(cyfitter_cfg.o)
 .comment       0x00000285       0x2b .\CortexM3\ARM_GCC_441\Debug\RS232.a(CyFlash.o)
 .comment       0x000002b0       0x2b .\CortexM3\ARM_GCC_441\Debug\RS232.a(CySpc.o)
 .comment       0x000002db       0x2b .\CortexM3\ARM_GCC_441\Debug\RS232.a(cyutils.o)

.debug_aranges  0x00000000      0xa30
 *(.debug_aranges)
 .debug_aranges
                0x00000000       0x88 .\CortexM3\ARM_GCC_441\Debug\main.o
 .debug_aranges
                0x00000088       0x30 .\CortexM3\ARM_GCC_441\Debug\Cm3Start.o
 .debug_aranges
                0x000000b8      0x238 .\CortexM3\ARM_GCC_441\Debug\RS232.a(CyLib.o)
 .debug_aranges
                0x000002f0       0xa0 .\CortexM3\ARM_GCC_441\Debug\RS232.a(cyPm.o)
 .debug_aranges
                0x00000390       0x90 .\CortexM3\ARM_GCC_441\Debug\RS232.a(LCD.o)
 .debug_aranges
                0x00000420       0xf0 .\CortexM3\ARM_GCC_441\Debug\RS232.a(UART.o)
 .debug_aranges
                0x00000510       0x80 .\CortexM3\ARM_GCC_441\Debug\RS232.a(rx_int.o)
 .debug_aranges
                0x00000590       0xe8 .\CortexM3\ARM_GCC_441\Debug\RS232.a(ADC.o)
 .debug_aranges
                0x00000678       0x38 .\CortexM3\ARM_GCC_441\Debug\RS232.a(ADC_INT.o)
 .debug_aranges
                0x000006b0       0x80 .\CortexM3\ARM_GCC_441\Debug\RS232.a(ADC_theACLK.o)
 .debug_aranges
                0x00000730       0x70 .\CortexM3\ARM_GCC_441\Debug\RS232.a(ADC_Ext_CP_Clk.o)
 .debug_aranges
                0x000007a0       0x30 .\CortexM3\ARM_GCC_441\Debug\RS232.a(ADC_AMux.o)
 .debug_aranges
                0x000007d0       0x30 .\CortexM3\ARM_GCC_441\Debug\RS232.a(AMux.o)
 .debug_aranges
                0x00000800       0x80 .\CortexM3\ARM_GCC_441\Debug\RS232.a(ISR.o)
 .debug_aranges
                0x00000880       0x68 .\CortexM3\ARM_GCC_441\Debug\RS232.a(cyfitter_cfg.o)
 .debug_aranges
                0x000008e8       0x20 .\CortexM3\ARM_GCC_441\Debug\RS232.a(CyBootAsmGnu.o)
 .debug_aranges
                0x00000908       0x78 .\CortexM3\ARM_GCC_441\Debug\RS232.a(CyFlash.o)
 .debug_aranges
                0x00000980       0x90 .\CortexM3\ARM_GCC_441\Debug\RS232.a(CySpc.o)
 .debug_aranges
                0x00000a10       0x20 .\CortexM3\ARM_GCC_441\Debug\RS232.a(cyutils.o)

.debug_pubnames
                0x00000000     0x18f0
 *(.debug_pubnames)
 .debug_pubnames
                0x00000000      0x180 .\CortexM3\ARM_GCC_441\Debug\main.o
 .debug_pubnames
                0x00000180       0x57 .\CortexM3\ARM_GCC_441\Debug\Cm3Start.o
 .debug_pubnames
                0x000001d7      0x614 .\CortexM3\ARM_GCC_441\Debug\RS232.a(CyLib.o)
 .debug_pubnames
                0x000007eb       0xbb .\CortexM3\ARM_GCC_441\Debug\RS232.a(cyPm.o)
 .debug_pubnames
                0x000008a6      0x14d .\CortexM3\ARM_GCC_441\Debug\RS232.a(LCD.o)
 .debug_pubnames
                0x000009f3      0x264 .\CortexM3\ARM_GCC_441\Debug\RS232.a(UART.o)
 .debug_pubnames
                0x00000c57      0x11a .\CortexM3\ARM_GCC_441\Debug\RS232.a(rx_int.o)
 .debug_pubnames
                0x00000d71      0x28f .\CortexM3\ARM_GCC_441\Debug\RS232.a(ADC.o)
 .debug_pubnames
                0x00001000       0x46 .\CortexM3\ARM_GCC_441\Debug\RS232.a(ADC_INT.o)
 .debug_pubnames
                0x00001046      0x1a2 .\CortexM3\ARM_GCC_441\Debug\RS232.a(ADC_theACLK.o)
 .debug_pubnames
                0x000011e8      0x181 .\CortexM3\ARM_GCC_441\Debug\RS232.a(ADC_Ext_CP_Clk.o)
 .debug_pubnames
                0x00001369       0x6a .\CortexM3\ARM_GCC_441\Debug\RS232.a(ADC_AMux.o)
 .debug_pubnames
                0x000013d3       0x61 .\CortexM3\ARM_GCC_441\Debug\RS232.a(AMux.o)
 .debug_pubnames
                0x00001434       0xf3 .\CortexM3\ARM_GCC_441\Debug\RS232.a(ISR.o)
 .debug_pubnames
                0x00001527      0x14c .\CortexM3\ARM_GCC_441\Debug\RS232.a(cyfitter_cfg.o)
 .debug_pubnames
                0x00001673      0x115 .\CortexM3\ARM_GCC_441\Debug\RS232.a(CyFlash.o)
 .debug_pubnames
                0x00001788      0x147 .\CortexM3\ARM_GCC_441\Debug\RS232.a(CySpc.o)
 .debug_pubnames
                0x000018cf       0x21 .\CortexM3\ARM_GCC_441\Debug\RS232.a(cyutils.o)

.debug_info     0x00000000     0x42e3
 *(.debug_info .gnu.linkonce.wi.*)
 .debug_info    0x00000000      0x3b7 .\CortexM3\ARM_GCC_441\Debug\main.o
 .debug_info    0x000003b7      0x127 .\CortexM3\ARM_GCC_441\Debug\Cm3Start.o
 .debug_info    0x000004de      0xd2a .\CortexM3\ARM_GCC_441\Debug\RS232.a(CyLib.o)
 .debug_info    0x00001208      0x580 .\CortexM3\ARM_GCC_441\Debug\RS232.a(cyPm.o)
 .debug_info    0x00001788      0x39e .\CortexM3\ARM_GCC_441\Debug\RS232.a(LCD.o)
 .debug_info    0x00001b26      0x51b .\CortexM3\ARM_GCC_441\Debug\RS232.a(UART.o)
 .debug_info    0x00002041      0x22e .\CortexM3\ARM_GCC_441\Debug\RS232.a(rx_int.o)
 .debug_info    0x0000226f      0x71a .\CortexM3\ARM_GCC_441\Debug\RS232.a(ADC.o)
 .debug_info    0x00002989       0xce .\CortexM3\ARM_GCC_441\Debug\RS232.a(ADC_INT.o)
 .debug_info    0x00002a57      0x29f .\CortexM3\ARM_GCC_441\Debug\RS232.a(ADC_theACLK.o)
 .debug_info    0x00002cf6      0x25b .\CortexM3\ARM_GCC_441\Debug\RS232.a(ADC_Ext_CP_Clk.o)
 .debug_info    0x00002f51      0x10c .\CortexM3\ARM_GCC_441\Debug\RS232.a(ADC_AMux.o)
 .debug_info    0x0000305d       0xf9 .\CortexM3\ARM_GCC_441\Debug\RS232.a(AMux.o)
 .debug_info    0x00003156      0x22e .\CortexM3\ARM_GCC_441\Debug\RS232.a(ISR.o)
 .debug_info    0x00003384      0x574 .\CortexM3\ARM_GCC_441\Debug\RS232.a(cyfitter_cfg.o)
 .debug_info    0x000038f8       0xa2 .\CortexM3\ARM_GCC_441\Debug\RS232.a(CyBootAsmGnu.o)
 .debug_info    0x0000399a      0x310 .\CortexM3\ARM_GCC_441\Debug\RS232.a(CyFlash.o)
 .debug_info    0x00003caa      0x56b .\CortexM3\ARM_GCC_441\Debug\RS232.a(CySpc.o)
 .debug_info    0x00004215       0xce .\CortexM3\ARM_GCC_441\Debug\RS232.a(cyutils.o)

.debug_abbrev   0x00000000     0x10d7
 *(.debug_abbrev)
 .debug_abbrev  0x00000000      0x120 .\CortexM3\ARM_GCC_441\Debug\main.o
 .debug_abbrev  0x00000120       0xe3 .\CortexM3\ARM_GCC_441\Debug\Cm3Start.o
 .debug_abbrev  0x00000203      0x172 .\CortexM3\ARM_GCC_441\Debug\RS232.a(CyLib.o)
 .debug_abbrev  0x00000375      0x146 .\CortexM3\ARM_GCC_441\Debug\RS232.a(cyPm.o)
 .debug_abbrev  0x000004bb      0x103 .\CortexM3\ARM_GCC_441\Debug\RS232.a(LCD.o)
 .debug_abbrev  0x000005be      0x105 .\CortexM3\ARM_GCC_441\Debug\RS232.a(UART.o)
 .debug_abbrev  0x000006c3       0xee .\CortexM3\ARM_GCC_441\Debug\RS232.a(rx_int.o)
 .debug_abbrev  0x000007b1       0xf8 .\CortexM3\ARM_GCC_441\Debug\RS232.a(ADC.o)
 .debug_abbrev  0x000008a9       0x4a .\CortexM3\ARM_GCC_441\Debug\RS232.a(ADC_INT.o)
 .debug_abbrev  0x000008f3       0xd8 .\CortexM3\ARM_GCC_441\Debug\RS232.a(ADC_theACLK.o)
 .debug_abbrev  0x000009cb       0xd8 .\CortexM3\ARM_GCC_441\Debug\RS232.a(ADC_Ext_CP_Clk.o)
 .debug_abbrev  0x00000aa3       0x7f .\CortexM3\ARM_GCC_441\Debug\RS232.a(ADC_AMux.o)
 .debug_abbrev  0x00000b22       0x94 .\CortexM3\ARM_GCC_441\Debug\RS232.a(AMux.o)
 .debug_abbrev  0x00000bb6       0xee .\CortexM3\ARM_GCC_441\Debug\RS232.a(ISR.o)
 .debug_abbrev  0x00000ca4      0x14d .\CortexM3\ARM_GCC_441\Debug\RS232.a(cyfitter_cfg.o)
 .debug_abbrev  0x00000df1       0x14 .\CortexM3\ARM_GCC_441\Debug\RS232.a(CyBootAsmGnu.o)
 .debug_abbrev  0x00000e05      0x12a .\CortexM3\ARM_GCC_441\Debug\RS232.a(CyFlash.o)
 .debug_abbrev  0x00000f2f      0x139 .\CortexM3\ARM_GCC_441\Debug\RS232.a(CySpc.o)
 .debug_abbrev  0x00001068       0x6f .\CortexM3\ARM_GCC_441\Debug\RS232.a(cyutils.o)

.debug_line     0x00000000     0x222f
 *(.debug_line)
 .debug_line    0x00000000      0x1b5 .\CortexM3\ARM_GCC_441\Debug\main.o
 .debug_line    0x000001b5       0xcd .\CortexM3\ARM_GCC_441\Debug\Cm3Start.o
 .debug_line    0x00000282      0x691 .\CortexM3\ARM_GCC_441\Debug\RS232.a(CyLib.o)
 .debug_line    0x00000913      0x2e8 .\CortexM3\ARM_GCC_441\Debug\RS232.a(cyPm.o)
 .debug_line    0x00000bfb      0x1d8 .\CortexM3\ARM_GCC_441\Debug\RS232.a(LCD.o)
 .debug_line    0x00000dd3      0x2b2 .\CortexM3\ARM_GCC_441\Debug\RS232.a(UART.o)
 .debug_line    0x00001085      0x15c .\CortexM3\ARM_GCC_441\Debug\RS232.a(rx_int.o)
 .debug_line    0x000011e1      0x3cf .\CortexM3\ARM_GCC_441\Debug\RS232.a(ADC.o)
 .debug_line    0x000015b0       0x8e .\CortexM3\ARM_GCC_441\Debug\RS232.a(ADC_INT.o)
 .debug_line    0x0000163e      0x19d .\CortexM3\ARM_GCC_441\Debug\RS232.a(ADC_theACLK.o)
 .debug_line    0x000017db      0x17c .\CortexM3\ARM_GCC_441\Debug\RS232.a(ADC_Ext_CP_Clk.o)
 .debug_line    0x00001957       0xaa .\CortexM3\ARM_GCC_441\Debug\RS232.a(ADC_AMux.o)
 .debug_line    0x00001a01       0xa6 .\CortexM3\ARM_GCC_441\Debug\RS232.a(AMux.o)
 .debug_line    0x00001aa7      0x157 .\CortexM3\ARM_GCC_441\Debug\RS232.a(ISR.o)
 .debug_line    0x00001bfe      0x195 .\CortexM3\ARM_GCC_441\Debug\RS232.a(cyfitter_cfg.o)
 .debug_line    0x00001d93       0x67 .\CortexM3\ARM_GCC_441\Debug\RS232.a(CyBootAsmGnu.o)
 .debug_line    0x00001dfa      0x18f .\CortexM3\ARM_GCC_441\Debug\RS232.a(CyFlash.o)
 .debug_line    0x00001f89      0x225 .\CortexM3\ARM_GCC_441\Debug\RS232.a(CySpc.o)
 .debug_line    0x000021ae       0x81 .\CortexM3\ARM_GCC_441\Debug\RS232.a(cyutils.o)

.debug_frame    0x00000000     0x2878
 *(.debug_frame)
 .debug_frame   0x00000000      0x1bc .\CortexM3\ARM_GCC_441\Debug\main.o
 .debug_frame   0x000001bc       0x5c .\CortexM3\ARM_GCC_441\Debug\Cm3Start.o
 .debug_frame   0x00000218      0x7f0 .\CortexM3\ARM_GCC_441\Debug\RS232.a(CyLib.o)
 .debug_frame   0x00000a08      0x208 .\CortexM3\ARM_GCC_441\Debug\RS232.a(cyPm.o)
 .debug_frame   0x00000c10      0x1e0 .\CortexM3\ARM_GCC_441\Debug\RS232.a(LCD.o)
 .debug_frame   0x00000df0      0x32c .\CortexM3\ARM_GCC_441\Debug\RS232.a(UART.o)
 .debug_frame   0x0000111c      0x180 .\CortexM3\ARM_GCC_441\Debug\RS232.a(rx_int.o)
 .debug_frame   0x0000129c      0x304 .\CortexM3\ARM_GCC_441\Debug\RS232.a(ADC.o)
 .debug_frame   0x000015a0       0x80 .\CortexM3\ARM_GCC_441\Debug\RS232.a(ADC_INT.o)
 .debug_frame   0x00001620      0x184 .\CortexM3\ARM_GCC_441\Debug\RS232.a(ADC_theACLK.o)
 .debug_frame   0x000017a4      0x14c .\CortexM3\ARM_GCC_441\Debug\RS232.a(ADC_Ext_CP_Clk.o)
 .debug_frame   0x000018f0       0x70 .\CortexM3\ARM_GCC_441\Debug\RS232.a(ADC_AMux.o)
 .debug_frame   0x00001960       0x6c .\CortexM3\ARM_GCC_441\Debug\RS232.a(AMux.o)
 .debug_frame   0x000019cc      0x180 .\CortexM3\ARM_GCC_441\Debug\RS232.a(ISR.o)
 .debug_frame   0x00001b4c      0x130 .\CortexM3\ARM_GCC_441\Debug\RS232.a(cyfitter_cfg.o)
 .debug_frame   0x00001c7c      0x174 .\CortexM3\ARM_GCC_441\Debug\RS232.a(CyFlash.o)
 .debug_frame   0x00001df0      0x1c8 .\CortexM3\ARM_GCC_441\Debug\RS232.a(CySpc.o)
 .debug_frame   0x00001fb8       0x2c .\CortexM3\ARM_GCC_441\Debug\RS232.a(cyutils.o)
 .debug_frame   0x00001fe4       0x34 c:/program files/cypress/psoc creator/2.1/psoc creator/import/gnu_cs/arm/4.4.1/bin/../lib/gcc/arm-none-eabi/4.4.1/../../../../arm-none-eabi/lib/thumb2\libc.a(lib_a-memcpy.o)
 .debug_frame   0x00002018       0x28 c:/program files/cypress/psoc creator/2.1/psoc creator/import/gnu_cs/arm/4.4.1/bin/../lib/gcc/arm-none-eabi/4.4.1/../../../../arm-none-eabi/lib/thumb2\libc.a(lib_a-memset.o)
 .debug_frame   0x00002040       0x5c c:/program files/cypress/psoc creator/2.1/psoc creator/import/gnu_cs/arm/4.4.1/bin/../lib/gcc/arm-none-eabi/4.4.1/../../../../arm-none-eabi/lib/thumb2\libc.a(lib_a-sprintf.o)
 .debug_frame   0x0000209c       0x68 c:/program files/cypress/psoc creator/2.1/psoc creator/import/gnu_cs/arm/4.4.1/bin/../lib/gcc/arm-none-eabi/4.4.1/../../../../arm-none-eabi/lib/thumb2\libc.a(lib_a-svfprintf.o)
 .debug_frame   0x00002104       0x64 c:/program files/cypress/psoc creator/2.1/psoc creator/import/gnu_cs/arm/4.4.1/bin/../lib/gcc/arm-none-eabi/4.4.1/../../../../arm-none-eabi/lib/thumb2\libc.a(lib_a-dtoa.o)
 .debug_frame   0x00002168       0x50 c:/program files/cypress/psoc creator/2.1/psoc creator/import/gnu_cs/arm/4.4.1/bin/../lib/gcc/arm-none-eabi/4.4.1/../../../../arm-none-eabi/lib/thumb2\libc.a(lib_a-freer.o)
 .debug_frame   0x000021b8       0x6c c:/program files/cypress/psoc creator/2.1/psoc creator/import/gnu_cs/arm/4.4.1/bin/../lib/gcc/arm-none-eabi/4.4.1/../../../../arm-none-eabi/lib/thumb2\libc.a(lib_a-locale.o)
 .debug_frame   0x00002224       0x30 c:/program files/cypress/psoc creator/2.1/psoc creator/import/gnu_cs/arm/4.4.1/bin/../lib/gcc/arm-none-eabi/4.4.1/../../../../arm-none-eabi/lib/thumb2\libc.a(lib_a-malloc.o)
 .debug_frame   0x00002254       0x3c c:/program files/cypress/psoc creator/2.1/psoc creator/import/gnu_cs/arm/4.4.1/bin/../lib/gcc/arm-none-eabi/4.4.1/../../../../arm-none-eabi/lib/thumb2\libc.a(lib_a-mallocr.o)
 .debug_frame   0x00002290       0x28 c:/program files/cypress/psoc creator/2.1/psoc creator/import/gnu_cs/arm/4.4.1/bin/../lib/gcc/arm-none-eabi/4.4.1/../../../../arm-none-eabi/lib/thumb2\libc.a(lib_a-memchr.o)
 .debug_frame   0x000022b8       0x2c c:/program files/cypress/psoc creator/2.1/psoc creator/import/gnu_cs/arm/4.4.1/bin/../lib/gcc/arm-none-eabi/4.4.1/../../../../arm-none-eabi/lib/thumb2\libc.a(lib_a-memmove.o)
 .debug_frame   0x000022e4       0x30 c:/program files/cypress/psoc creator/2.1/psoc creator/import/gnu_cs/arm/4.4.1/bin/../lib/gcc/arm-none-eabi/4.4.1/../../../../arm-none-eabi/lib/thumb2\libc.a(lib_a-mlock.o)
 .debug_frame   0x00002314      0x240 c:/program files/cypress/psoc creator/2.1/psoc creator/import/gnu_cs/arm/4.4.1/bin/../lib/gcc/arm-none-eabi/4.4.1/../../../../arm-none-eabi/lib/thumb2\libc.a(lib_a-mprec.o)
 .debug_frame   0x00002554       0x3c c:/program files/cypress/psoc creator/2.1/psoc creator/import/gnu_cs/arm/4.4.1/bin/../lib/gcc/arm-none-eabi/4.4.1/../../../../arm-none-eabi/lib/thumb2\libc.a(lib_a-reallocr.o)
 .debug_frame   0x00002590       0x20 c:/program files/cypress/psoc creator/2.1/psoc creator/import/gnu_cs/arm/4.4.1/bin/../lib/gcc/arm-none-eabi/4.4.1/../../../../arm-none-eabi/lib/thumb2\libc.a(lib_a-s_isinfd.o)
 .debug_frame   0x000025b0       0x20 c:/program files/cypress/psoc creator/2.1/psoc creator/import/gnu_cs/arm/4.4.1/bin/../lib/gcc/arm-none-eabi/4.4.1/../../../../arm-none-eabi/lib/thumb2\libc.a(lib_a-s_isnand.o)
 .debug_frame   0x000025d0       0x2c c:/program files/cypress/psoc creator/2.1/psoc creator/import/gnu_cs/arm/4.4.1/bin/../lib/gcc/arm-none-eabi/4.4.1/../../../../arm-none-eabi/lib/thumb2\libc.a(lib_a-sbrkr.o)
 .debug_frame   0x000025fc       0x30 c:/program files/cypress/psoc creator/2.1/psoc creator/import/gnu_cs/arm/4.4.1/bin/../lib/gcc/arm-none-eabi/4.4.1/../../../../arm-none-eabi/lib/thumb2\libc.a(lib_a-strcmp.o)
 .debug_frame   0x0000262c       0x20 c:/program files/cypress/psoc creator/2.1/psoc creator/import/gnu_cs/arm/4.4.1/bin/../lib/gcc/arm-none-eabi/4.4.1/../../../../arm-none-eabi/lib/thumb2\libc.a(lib_a-strlen.o)
 .debug_frame   0x0000264c       0x2c c:/program files/cypress/psoc creator/2.1/psoc creator/import/gnu_cs/arm/4.4.1/bin/../lib/gcc/arm-none-eabi/4.4.1/../../../../arm-none-eabi/lib/thumb2\libc.a(lib_a-callocr.o)
 .debug_frame   0x00002678       0x64 c:/program files/cypress/psoc creator/2.1/psoc creator/import/gnu_cs/arm/4.4.1/bin/../lib/gcc/arm-none-eabi/4.4.1/../../../../arm-none-eabi/lib/thumb2\libc.a(lib_a-reent.o)
 .debug_frame   0x000026dc       0x20 c:/program files/cypress/psoc creator/2.1/psoc creator/import/gnu_cs/arm/4.4.1/bin/../lib/gcc/arm-none-eabi/4.4.1/thumb2\libgcc.a(_udivsi3.o)
 .debug_frame   0x000026fc       0x50 c:/program files/cypress/psoc creator/2.1/psoc creator/import/gnu_cs/arm/4.4.1/bin/../lib/gcc/arm-none-eabi/4.4.1/thumb2\libgcc.a(bpabi.o)
 .debug_frame   0x0000274c       0x3c c:/program files/cypress/psoc creator/2.1/psoc creator/import/gnu_cs/arm/4.4.1/bin/../lib/gcc/arm-none-eabi/4.4.1/thumb2\libgcc.a(_divdi3.o)
 .debug_frame   0x00002788       0x3c c:/program files/cypress/psoc creator/2.1/psoc creator/import/gnu_cs/arm/4.4.1/bin/../lib/gcc/arm-none-eabi/4.4.1/thumb2\libgcc.a(_udivdi3.o)
 .debug_frame   0x000027c4       0x40 c:/program files/cypress/psoc creator/2.1/psoc creator/import/gnu_cs/arm/4.4.1/bin/../lib/gcc/arm-none-eabi/4.4.1/../../../../arm-none-eabi/lib/thumb2\libcs3.a(start_c.o)
 .debug_frame   0x00002804       0x28 c:/program files/cypress/psoc creator/2.1/psoc creator/import/gnu_cs/arm/4.4.1/bin/../lib/gcc/arm-none-eabi/4.4.1/../../../../arm-none-eabi/lib/thumb2\libcs3unhosted.a(unhosted-sbrk.o)
 .debug_frame   0x0000282c       0x20 c:/program files/cypress/psoc creator/2.1/psoc creator/import/gnu_cs/arm/4.4.1/bin/../lib/gcc/arm-none-eabi/4.4.1/../../../../arm-none-eabi/lib/thumb2\libc.a(lib_a-errno.o)
 .debug_frame   0x0000284c       0x2c c:/program files/cypress/psoc creator/2.1/psoc creator/import/gnu_cs/arm/4.4.1/bin/../lib/gcc/arm-none-eabi/4.4.1/../../../../arm-none-eabi/lib/thumb2\libc.a(lib_a-init.o)

.debug_str      0x00000000     0x1e63
 *(.debug_str)
 .debug_str     0x00000000      0x20e .\CortexM3\ARM_GCC_441\Debug\main.o
                                0x261 (size before relaxing)
 .debug_str     0x0000020e       0x91 .\CortexM3\ARM_GCC_441\Debug\Cm3Start.o
                                0x17d (size before relaxing)
 .debug_str     0x0000029f      0x6a3 .\CortexM3\ARM_GCC_441\Debug\RS232.a(CyLib.o)
                                0x7d2 (size before relaxing)
 .debug_str     0x00000942      0x369 .\CortexM3\ARM_GCC_441\Debug\RS232.a(cyPm.o)
                                0x480 (size before relaxing)
 .debug_str     0x00000cab      0x160 .\CortexM3\ARM_GCC_441\Debug\RS232.a(LCD.o)
                                0x268 (size before relaxing)
 .debug_str     0x00000e0b      0x272 .\CortexM3\ARM_GCC_441\Debug\RS232.a(UART.o)
                                0x37b (size before relaxing)
 .debug_str     0x0000107d       0xf6 .\CortexM3\ARM_GCC_441\Debug\RS232.a(rx_int.o)
                                0x20f (size before relaxing)
 .debug_str     0x00001173      0x359 .\CortexM3\ARM_GCC_441\Debug\RS232.a(ADC.o)
                                0x48c (size before relaxing)
 .debug_str     0x000014cc       0x47 .\CortexM3\ARM_GCC_441\Debug\RS232.a(ADC_INT.o)
                                0x12d (size before relaxing)
 .debug_str     0x00001513      0x1d3 .\CortexM3\ARM_GCC_441\Debug\RS232.a(ADC_theACLK.o)
                                0x2d4 (size before relaxing)
 .debug_str     0x000016e6      0x16d .\CortexM3\ARM_GCC_441\Debug\RS232.a(ADC_Ext_CP_Clk.o)
                                0x2b5 (size before relaxing)
 .debug_str     0x00001853       0x79 .\CortexM3\ARM_GCC_441\Debug\RS232.a(ADC_AMux.o)
                                0x165 (size before relaxing)
 .debug_str     0x000018cc       0x33 .\CortexM3\ARM_GCC_441\Debug\RS232.a(AMux.o)
                                0x158 (size before relaxing)
 .debug_str     0x000018ff       0xcc .\CortexM3\ARM_GCC_441\Debug\RS232.a(ISR.o)
                                0x1e5 (size before relaxing)
 .debug_str     0x000019cb      0x1ca .\CortexM3\ARM_GCC_441\Debug\RS232.a(cyfitter_cfg.o)
                                0x310 (size before relaxing)
 .debug_str     0x00001b95      0x130 .\CortexM3\ARM_GCC_441\Debug\RS232.a(CyFlash.o)
                                0x24c (size before relaxing)
 .debug_str     0x00001cc5      0x16b .\CortexM3\ARM_GCC_441\Debug\RS232.a(CySpc.o)
                                0x291 (size before relaxing)
 .debug_str     0x00001e30       0x33 .\CortexM3\ARM_GCC_441\Debug\RS232.a(cyutils.o)
                                0x12c (size before relaxing)

.debug_loc      0x00000000     0x351f
 *(.debug_loc)
 .debug_loc     0x00000000      0x2fc .\CortexM3\ARM_GCC_441\Debug\main.o
 .debug_loc     0x000002fc       0x62 .\CortexM3\ARM_GCC_441\Debug\Cm3Start.o
 .debug_loc     0x0000035e      0xd7c .\CortexM3\ARM_GCC_441\Debug\RS232.a(CyLib.o)
 .debug_loc     0x000010da      0x32f .\CortexM3\ARM_GCC_441\Debug\RS232.a(cyPm.o)
 .debug_loc     0x00001409      0x309 .\CortexM3\ARM_GCC_441\Debug\RS232.a(LCD.o)
 .debug_loc     0x00001712      0x591 .\CortexM3\ARM_GCC_441\Debug\RS232.a(UART.o)
 .debug_loc     0x00001ca3      0x26b .\CortexM3\ARM_GCC_441\Debug\RS232.a(rx_int.o)
 .debug_loc     0x00001f0e      0x536 .\CortexM3\ARM_GCC_441\Debug\RS232.a(ADC.o)
 .debug_loc     0x00002444       0xac .\CortexM3\ARM_GCC_441\Debug\RS232.a(ADC_INT.o)
 .debug_loc     0x000024f0      0x283 .\CortexM3\ARM_GCC_441\Debug\RS232.a(ADC_theACLK.o)
 .debug_loc     0x00002773      0x221 .\CortexM3\ARM_GCC_441\Debug\RS232.a(ADC_Ext_CP_Clk.o)
 .debug_loc     0x00002994       0xa5 .\CortexM3\ARM_GCC_441\Debug\RS232.a(ADC_AMux.o)
 .debug_loc     0x00002a39       0x99 .\CortexM3\ARM_GCC_441\Debug\RS232.a(AMux.o)
 .debug_loc     0x00002ad2      0x26b .\CortexM3\ARM_GCC_441\Debug\RS232.a(ISR.o)
 .debug_loc     0x00002d3d      0x226 .\CortexM3\ARM_GCC_441\Debug\RS232.a(cyfitter_cfg.o)
 .debug_loc     0x00002f63      0x24c .\CortexM3\ARM_GCC_441\Debug\RS232.a(CyFlash.o)
 .debug_loc     0x000031af      0x339 .\CortexM3\ARM_GCC_441\Debug\RS232.a(CySpc.o)
 .debug_loc     0x000034e8       0x37 .\CortexM3\ARM_GCC_441\Debug\RS232.a(cyutils.o)

.debug_macinfo
 *(.debug_macinfo)

.debug_ranges   0x00000000      0x980
 *(.debug_ranges)
 .debug_ranges  0x00000000       0x80 .\CortexM3\ARM_GCC_441\Debug\main.o
 .debug_ranges  0x00000080       0x28 .\CortexM3\ARM_GCC_441\Debug\Cm3Start.o
 .debug_ranges  0x000000a8      0x230 .\CortexM3\ARM_GCC_441\Debug\RS232.a(CyLib.o)
 .debug_ranges  0x000002d8       0x98 .\CortexM3\ARM_GCC_441\Debug\RS232.a(cyPm.o)
 .debug_ranges  0x00000370       0x88 .\CortexM3\ARM_GCC_441\Debug\RS232.a(LCD.o)
 .debug_ranges  0x000003f8       0xe8 .\CortexM3\ARM_GCC_441\Debug\RS232.a(UART.o)
 .debug_ranges  0x000004e0       0x78 .\CortexM3\ARM_GCC_441\Debug\RS232.a(rx_int.o)
 .debug_ranges  0x00000558       0xe0 .\CortexM3\ARM_GCC_441\Debug\RS232.a(ADC.o)
 .debug_ranges  0x00000638       0x30 .\CortexM3\ARM_GCC_441\Debug\RS232.a(ADC_INT.o)
 .debug_ranges  0x00000668       0x78 .\CortexM3\ARM_GCC_441\Debug\RS232.a(ADC_theACLK.o)
 .debug_ranges  0x000006e0       0x68 .\CortexM3\ARM_GCC_441\Debug\RS232.a(ADC_Ext_CP_Clk.o)
 .debug_ranges  0x00000748       0x28 .\CortexM3\ARM_GCC_441\Debug\RS232.a(ADC_AMux.o)
 .debug_ranges  0x00000770       0x28 .\CortexM3\ARM_GCC_441\Debug\RS232.a(AMux.o)
 .debug_ranges  0x00000798       0x78 .\CortexM3\ARM_GCC_441\Debug\RS232.a(ISR.o)
 .debug_ranges  0x00000810       0x60 .\CortexM3\ARM_GCC_441\Debug\RS232.a(cyfitter_cfg.o)
 .debug_ranges  0x00000870       0x70 .\CortexM3\ARM_GCC_441\Debug\RS232.a(CyFlash.o)
 .debug_ranges  0x000008e0       0x88 .\CortexM3\ARM_GCC_441\Debug\RS232.a(CySpc.o)
 .debug_ranges  0x00000968       0x18 .\CortexM3\ARM_GCC_441\Debug\RS232.a(cyutils.o)

.debug_weaknames
 *(.debug_weaknames)

.debug_funcnames
 *(.debug_funcnames)

.debug_typenames
 *(.debug_typenames)

.debug_varnames
 *(.debug_varnames)

.note.gnu.arm.ident
 *(.note.gnu.arm.ident)

.ARM.attributes
                0x00000000       0x25
 *(.ARM.attributes)
 .ARM.attributes
                0x00000000       0x19 c:/program files/cypress/psoc creator/2.1/psoc creator/import/gnu_cs/arm/4.4.1/bin/../lib/gcc/arm-none-eabi/4.4.1/thumb2/crti.o
 .ARM.attributes
                0x00000019       0x29 c:/program files/cypress/psoc creator/2.1/psoc creator/import/gnu_cs/arm/4.4.1/bin/../lib/gcc/arm-none-eabi/4.4.1/thumb2/crtbegin.o
 .ARM.attributes
                0x00000042       0x31 .\CortexM3\ARM_GCC_441\Debug\main.o
 .ARM.attributes
                0x00000073       0x31 .\CortexM3\ARM_GCC_441\Debug\Cm3Start.o
 .ARM.attributes
                0x000000a4       0x31 .\CortexM3\ARM_GCC_441\Debug\RS232.a(CyLib.o)
 .ARM.attributes
                0x000000d5       0x31 .\CortexM3\ARM_GCC_441\Debug\RS232.a(cyPm.o)
 .ARM.attributes
                0x00000106       0x31 .\CortexM3\ARM_GCC_441\Debug\RS232.a(LCD.o)
 .ARM.attributes
                0x00000137       0x31 .\CortexM3\ARM_GCC_441\Debug\RS232.a(UART.o)
 .ARM.attributes
                0x00000168       0x31 .\CortexM3\ARM_GCC_441\Debug\RS232.a(rx_int.o)
 .ARM.attributes
                0x00000199       0x31 .\CortexM3\ARM_GCC_441\Debug\RS232.a(ADC.o)
 .ARM.attributes
                0x000001ca       0x31 .\CortexM3\ARM_GCC_441\Debug\RS232.a(ADC_INT.o)
 .ARM.attributes
                0x000001fb       0x31 .\CortexM3\ARM_GCC_441\Debug\RS232.a(ADC_theACLK.o)
 .ARM.attributes
                0x0000022c       0x31 .\CortexM3\ARM_GCC_441\Debug\RS232.a(ADC_Ext_CP_Clk.o)
 .ARM.attributes
                0x0000025d       0x31 .\CortexM3\ARM_GCC_441\Debug\RS232.a(ADC_AMux.o)
 .ARM.attributes
                0x0000028e       0x31 .\CortexM3\ARM_GCC_441\Debug\RS232.a(AMux.o)
 .ARM.attributes
                0x000002bf       0x31 .\CortexM3\ARM_GCC_441\Debug\RS232.a(ISR.o)
 .ARM.attributes
                0x000002f0       0x31 .\CortexM3\ARM_GCC_441\Debug\RS232.a(cyfitter_cfg.o)
 .ARM.attributes
                0x00000321       0x21 .\CortexM3\ARM_GCC_441\Debug\RS232.a(CyBootAsmGnu.o)
 .ARM.attributes
                0x00000342       0x31 .\CortexM3\ARM_GCC_441\Debug\RS232.a(CyFlash.o)
 .ARM.attributes
                0x00000373       0x31 .\CortexM3\ARM_GCC_441\Debug\RS232.a(CySpc.o)
 .ARM.attributes
                0x000003a4       0x31 .\CortexM3\ARM_GCC_441\Debug\RS232.a(cyutils.o)
 .ARM.attributes
                0x000003d5       0x1b c:/program files/cypress/psoc creator/2.1/psoc creator/import/gnu_cs/arm/4.4.1/bin/../lib/gcc/arm-none-eabi/4.4.1/thumb2\libgcc.a(_arm_addsubdf3.o)
 .ARM.attributes
                0x000003f0       0x1b c:/program files/cypress/psoc creator/2.1/psoc creator/import/gnu_cs/arm/4.4.1/bin/../lib/gcc/arm-none-eabi/4.4.1/thumb2\libgcc.a(_arm_cmpdf2.o)
 .ARM.attributes
                0x0000040b       0x1b c:/program files/cypress/psoc creator/2.1/psoc creator/import/gnu_cs/arm/4.4.1/bin/../lib/gcc/arm-none-eabi/4.4.1/thumb2\libgcc.a(_arm_addsubsf3.o)
 .ARM.attributes
                0x00000426       0x1b c:/program files/cypress/psoc creator/2.1/psoc creator/import/gnu_cs/arm/4.4.1/bin/../lib/gcc/arm-none-eabi/4.4.1/thumb2\libgcc.a(_arm_muldivsf3.o)
 .ARM.attributes
                0x00000441       0x1b c:/program files/cypress/psoc creator/2.1/psoc creator/import/gnu_cs/arm/4.4.1/bin/../lib/gcc/arm-none-eabi/4.4.1/thumb2\libgcc.a(_arm_fixunssfsi.o)
 .ARM.attributes
                0x0000045c       0x29 c:/program files/cypress/psoc creator/2.1/psoc creator/import/gnu_cs/arm/4.4.1/bin/../lib/gcc/arm-none-eabi/4.4.1/../../../../arm-none-eabi/lib/thumb2\libc.a(lib_a-memcpy.o)
 .ARM.attributes
                0x00000485       0x29 c:/program files/cypress/psoc creator/2.1/psoc creator/import/gnu_cs/arm/4.4.1/bin/../lib/gcc/arm-none-eabi/4.4.1/../../../../arm-none-eabi/lib/thumb2\libc.a(lib_a-memset.o)
 .ARM.attributes
                0x000004ae       0x29 c:/program files/cypress/psoc creator/2.1/psoc creator/import/gnu_cs/arm/4.4.1/bin/../lib/gcc/arm-none-eabi/4.4.1/../../../../arm-none-eabi/lib/thumb2\libc.a(lib_a-sprintf.o)
 .ARM.attributes
                0x000004d7       0x29 c:/program files/cypress/psoc creator/2.1/psoc creator/import/gnu_cs/arm/4.4.1/bin/../lib/gcc/arm-none-eabi/4.4.1/../../../../arm-none-eabi/lib/thumb2\libc.a(lib_a-svfprintf.o)
 .ARM.attributes
                0x00000500       0x29 c:/program files/cypress/psoc creator/2.1/psoc creator/import/gnu_cs/arm/4.4.1/bin/../lib/gcc/arm-none-eabi/4.4.1/../../../../arm-none-eabi/lib/thumb2\libc.a(lib_a-dtoa.o)
 .ARM.attributes
                0x00000529       0x29 c:/program files/cypress/psoc creator/2.1/psoc creator/import/gnu_cs/arm/4.4.1/bin/../lib/gcc/arm-none-eabi/4.4.1/../../../../arm-none-eabi/lib/thumb2\libc.a(lib_a-freer.o)
 .ARM.attributes
                0x00000552       0x29 c:/program files/cypress/psoc creator/2.1/psoc creator/import/gnu_cs/arm/4.4.1/bin/../lib/gcc/arm-none-eabi/4.4.1/../../../../arm-none-eabi/lib/thumb2\libc.a(lib_a-impure.o)
 .ARM.attributes
                0x0000057b       0x29 c:/program files/cypress/psoc creator/2.1/psoc creator/import/gnu_cs/arm/4.4.1/bin/../lib/gcc/arm-none-eabi/4.4.1/../../../../arm-none-eabi/lib/thumb2\libc.a(lib_a-locale.o)
 .ARM.attributes
                0x000005a4       0x29 c:/program files/cypress/psoc creator/2.1/psoc creator/import/gnu_cs/arm/4.4.1/bin/../lib/gcc/arm-none-eabi/4.4.1/../../../../arm-none-eabi/lib/thumb2\libc.a(lib_a-malloc.o)
 .ARM.attributes
                0x000005cd       0x29 c:/program files/cypress/psoc creator/2.1/psoc creator/import/gnu_cs/arm/4.4.1/bin/../lib/gcc/arm-none-eabi/4.4.1/../../../../arm-none-eabi/lib/thumb2\libc.a(lib_a-mallocr.o)
 .ARM.attributes
                0x000005f6       0x29 c:/program files/cypress/psoc creator/2.1/psoc creator/import/gnu_cs/arm/4.4.1/bin/../lib/gcc/arm-none-eabi/4.4.1/../../../../arm-none-eabi/lib/thumb2\libc.a(lib_a-memchr.o)
 .ARM.attributes
                0x0000061f       0x29 c:/program files/cypress/psoc creator/2.1/psoc creator/import/gnu_cs/arm/4.4.1/bin/../lib/gcc/arm-none-eabi/4.4.1/../../../../arm-none-eabi/lib/thumb2\libc.a(lib_a-memmove.o)
 .ARM.attributes
                0x00000648       0x29 c:/program files/cypress/psoc creator/2.1/psoc creator/import/gnu_cs/arm/4.4.1/bin/../lib/gcc/arm-none-eabi/4.4.1/../../../../arm-none-eabi/lib/thumb2\libc.a(lib_a-mlock.o)
 .ARM.attributes
                0x00000671       0x29 c:/program files/cypress/psoc creator/2.1/psoc creator/import/gnu_cs/arm/4.4.1/bin/../lib/gcc/arm-none-eabi/4.4.1/../../../../arm-none-eabi/lib/thumb2\libc.a(lib_a-mprec.o)
 .ARM.attributes
                0x0000069a       0x29 c:/program files/cypress/psoc creator/2.1/psoc creator/import/gnu_cs/arm/4.4.1/bin/../lib/gcc/arm-none-eabi/4.4.1/../../../../arm-none-eabi/lib/thumb2\libc.a(lib_a-reallocr.o)
 .ARM.attributes
                0x000006c3       0x29 c:/program files/cypress/psoc creator/2.1/psoc creator/import/gnu_cs/arm/4.4.1/bin/../lib/gcc/arm-none-eabi/4.4.1/../../../../arm-none-eabi/lib/thumb2\libc.a(lib_a-s_isinfd.o)
 .ARM.attributes
                0x000006ec       0x29 c:/program files/cypress/psoc creator/2.1/psoc creator/import/gnu_cs/arm/4.4.1/bin/../lib/gcc/arm-none-eabi/4.4.1/../../../../arm-none-eabi/lib/thumb2\libc.a(lib_a-s_isnand.o)
 .ARM.attributes
                0x00000715       0x29 c:/program files/cypress/psoc creator/2.1/psoc creator/import/gnu_cs/arm/4.4.1/bin/../lib/gcc/arm-none-eabi/4.4.1/../../../../arm-none-eabi/lib/thumb2\libc.a(lib_a-sbrkr.o)
 .ARM.attributes
                0x0000073e       0x29 c:/program files/cypress/psoc creator/2.1/psoc creator/import/gnu_cs/arm/4.4.1/bin/../lib/gcc/arm-none-eabi/4.4.1/../../../../arm-none-eabi/lib/thumb2\libc.a(lib_a-strcmp.o)
 .ARM.attributes
                0x00000767       0x29 c:/program files/cypress/psoc creator/2.1/psoc creator/import/gnu_cs/arm/4.4.1/bin/../lib/gcc/arm-none-eabi/4.4.1/../../../../arm-none-eabi/lib/thumb2\libc.a(lib_a-strlen.o)
 .ARM.attributes
                0x00000790       0x29 c:/program files/cypress/psoc creator/2.1/psoc creator/import/gnu_cs/arm/4.4.1/bin/../lib/gcc/arm-none-eabi/4.4.1/../../../../arm-none-eabi/lib/thumb2\libc.a(lib_a-callocr.o)
 .ARM.attributes
                0x000007b9       0x29 c:/program files/cypress/psoc creator/2.1/psoc creator/import/gnu_cs/arm/4.4.1/bin/../lib/gcc/arm-none-eabi/4.4.1/../../../../arm-none-eabi/lib/thumb2\libc.a(lib_a-reent.o)
 .ARM.attributes
                0x000007e2       0x1b c:/program files/cypress/psoc creator/2.1/psoc creator/import/gnu_cs/arm/4.4.1/bin/../lib/gcc/arm-none-eabi/4.4.1/thumb2\libgcc.a(_udivsi3.o)
 .ARM.attributes
                0x000007fd       0x1b c:/program files/cypress/psoc creator/2.1/psoc creator/import/gnu_cs/arm/4.4.1/bin/../lib/gcc/arm-none-eabi/4.4.1/thumb2\libgcc.a(_dvmd_tls.o)
 .ARM.attributes
                0x00000818       0x1b c:/program files/cypress/psoc creator/2.1/psoc creator/import/gnu_cs/arm/4.4.1/bin/../lib/gcc/arm-none-eabi/4.4.1/thumb2\libgcc.a(_arm_muldivdf3.o)
 .ARM.attributes
                0x00000833       0x1b c:/program files/cypress/psoc creator/2.1/psoc creator/import/gnu_cs/arm/4.4.1/bin/../lib/gcc/arm-none-eabi/4.4.1/thumb2\libgcc.a(_arm_fixdfsi.o)
 .ARM.attributes
                0x0000084e       0x1b c:/program files/cypress/psoc creator/2.1/psoc creator/import/gnu_cs/arm/4.4.1/bin/../lib/gcc/arm-none-eabi/4.4.1/thumb2\libgcc.a(_aeabi_uldivmod.o)
 .ARM.attributes
                0x00000869       0x29 c:/program files/cypress/psoc creator/2.1/psoc creator/import/gnu_cs/arm/4.4.1/bin/../lib/gcc/arm-none-eabi/4.4.1/thumb2\libgcc.a(bpabi.o)
 .ARM.attributes
                0x00000892       0x29 c:/program files/cypress/psoc creator/2.1/psoc creator/import/gnu_cs/arm/4.4.1/bin/../lib/gcc/arm-none-eabi/4.4.1/thumb2\libgcc.a(_divdi3.o)
 .ARM.attributes
                0x000008bb       0x29 c:/program files/cypress/psoc creator/2.1/psoc creator/import/gnu_cs/arm/4.4.1/bin/../lib/gcc/arm-none-eabi/4.4.1/thumb2\libgcc.a(_udivdi3.o)
 .ARM.attributes
                0x000008e4       0x29 c:/program files/cypress/psoc creator/2.1/psoc creator/import/gnu_cs/arm/4.4.1/bin/../lib/gcc/arm-none-eabi/4.4.1/thumb2/crtend.o
 .ARM.attributes
                0x0000090d       0x19 c:/program files/cypress/psoc creator/2.1/psoc creator/import/gnu_cs/arm/4.4.1/bin/../lib/gcc/arm-none-eabi/4.4.1/thumb2/crtn.o
 .ARM.attributes
                0x00000926       0x29 c:/program files/cypress/psoc creator/2.1/psoc creator/import/gnu_cs/arm/4.4.1/bin/../lib/gcc/arm-none-eabi/4.4.1/../../../../arm-none-eabi/lib/thumb2\libcs3.a(start_c.o)
 .ARM.attributes
                0x0000094f       0x29 c:/program files/cypress/psoc creator/2.1/psoc creator/import/gnu_cs/arm/4.4.1/bin/../lib/gcc/arm-none-eabi/4.4.1/../../../../arm-none-eabi/lib/thumb2\libcs3unhosted.a(unhosted-sbrk.o)
 .ARM.attributes
                0x00000978       0x19 c:/program files/cypress/psoc creator/2.1/psoc creator/import/gnu_cs/arm/4.4.1/bin/../lib/gcc/arm-none-eabi/4.4.1/../../../../arm-none-eabi/lib/thumb2\libcs3micro.a(micro-vector.o)
 .ARM.attributes
                0x00000991       0x19 c:/program files/cypress/psoc creator/2.1/psoc creator/import/gnu_cs/arm/4.4.1/bin/../lib/gcc/arm-none-eabi/4.4.1/../../../../arm-none-eabi/lib/thumb2\libcs3micro.a(micro_isr_interrupt.o)
 .ARM.attributes
                0x000009aa       0x29 c:/program files/cypress/psoc creator/2.1/psoc creator/import/gnu_cs/arm/4.4.1/bin/../lib/gcc/arm-none-eabi/4.4.1/../../../../arm-none-eabi/lib/thumb2\libc.a(lib_a-errno.o)
 .ARM.attributes
                0x000009d3       0x29 c:/program files/cypress/psoc creator/2.1/psoc creator/import/gnu_cs/arm/4.4.1/bin/../lib/gcc/arm-none-eabi/4.4.1/../../../../arm-none-eabi/lib/thumb2\libc.a(lib_a-init.o)
 .ARM.attributes
                0x000009fc       0x29 c:/program files/cypress/psoc creator/2.1/psoc creator/import/gnu_cs/arm/4.4.1/bin/../lib/gcc/arm-none-eabi/4.4.1/../../../../arm-none-eabi/lib/thumb2\libcs3.a(heap.o)

/DISCARD/
 *(.note.GNU-stack)
OUTPUT(.\CortexM3\ARM_GCC_441\Debug\RS232.elf elf32-littlearm)
