                   ;===========================================================
                   ; R31JP PSoC Peripheral Code
                   ;===========================================================
                   
0000:              .org 00h
0000: 02 01 00     ljmp main
                   
0100:              .org 100h
                   main:
0100: 12 03 0E        lcall init
0103: 90 03 00        mov dptr, #300h      ; pc of message
0106: 74 00           mov a, #0h
0108: 78 0E           mov r0, #14d         ; length of message
                      loop:
010A: C0 E0              push acc          ; save table position
010C: 93                 movc a, @a+dptr
010D: 12 03 1B           lcall sndchr
0110: A3                 inc dptr
0111: D0 E0              pop acc
0113: D8 F5              djnz r0, loop
0115: 90 03 00             mov dptr, #300h
0118: 78 0E                mov r0, #14d
011A: 74 00                mov a, #0h       ; reset counter
011C: 80 EC                sjmp loop 
                   
0300:              .org 300h
0300: 36 2E 31 31 
      35 20 52 6F 
      63 6B 73 21 
      21 20        .db "6.115 Rocks!! "     ; message to be displayed on LCD
                   
                   
                   
                   ;===========================================================
                   ; subroutine init
                   ; this routine initializes the hardware
                   ; set up serial port with a 11.0592 MHz crystal,
                   ; use timer 1 for 9600 baud serial communications
                   ;===========================================================
                   init:
030E: 75 89 20        mov   tmod, #20h       ; set timer 1 for auto reload - mo
0311: 75 88 41        mov   tcon, #41h       ; run counter 1 and set edge trig 
0314: 75 8D FD        mov   th1,  #0fdh      ; set 9600 baud with xtal=11.059mh
0317: 75 98 50        mov   scon, #50h       ; set serial control reg for 8 bit
                                             ; and mode 1
031A: 22              ret
                   
                   ;===========================================================
                   ; subroutine sndchr
                   ; this routine takes the chr in the acc and sends it out the
                   ; serial port.
                   ;===========================================================
                   sndchr:
031B: C2 99           clr  scon.1            ; clear the tx  buffer full flag.
031D: F5 99           mov  sbuf,a            ; put chr in sbuf
                   txloop:
031F: 30 99 FD        jnb  scon.1, txloop    ; wait till chr is sent
0322: 22              ret
